Archive member included because of file (symbol)

board/100ask24x0/lib100ask24x0.a(lowlevel_init.o)
                              cpu/arm920t/start.o (lowlevel_init)
cpu/arm920t/libarm920t.a(interrupts.o)
                              cpu/arm920t/start.o (do_undefined_instruction)
cpu/arm920t/s3c24x0/libs3c24x0.a(interrupts.o)
                              cpu/arm920t/libarm920t.a(interrupts.o) (reset_cpu)
cpu/arm920t/s3c24x0/libs3c24x0.a(speed.o)
                              cpu/arm920t/s3c24x0/libs3c24x0.a(interrupts.o) (get_PCLK)
lib_arm/libarm.a(_udivsi3.o)  cpu/arm920t/s3c24x0/libs3c24x0.a(interrupts.o) (__udivsi3)
lib_arm/libarm.a(board.o)     cpu/arm920t/s3c24x0/libs3c24x0.a(speed.o) (hang)
lib_arm/libarm.a(div0.o)      lib_arm/libarm.a(_udivsi3.o) (__div0)
net/libnet.a(net.o)           lib_arm/libarm.a(board.o) (copy_filename)
net/libnet.a(tftp.o)          net/libnet.a(net.o) (TftpStart)
net/libnet.a(bootp.o)         net/libnet.a(net.o) (BootpRequest)
net/libnet.a(rarp.o)          net/libnet.a(net.o) (RarpRequest)
net/libnet.a(eth.o)           lib_arm/libarm.a(board.o) (eth_initialize)
net/libnet.a(nfs.o)           net/libnet.a(net.o) (NfsStart)
drivers/libdrivers.a(cfi_flash.o)
                              lib_arm/libarm.a(board.o) (flash_init)
drivers/libdrivers.a(jedec_flash.o)
                              drivers/libdrivers.a(cfi_flash.o) (jedec_flash_match)
drivers/libdrivers.a(dm9000x.o)
                              net/libnet.a(net.o) (eth_init)
drivers/nand/libnand.a(nand.o)
                              lib_arm/libarm.a(board.o) (nand_init)
drivers/nand/libnand.a(nand_base.o)
                              drivers/nand/libnand.a(nand.o) (nand_scan)
drivers/nand/libnand.a(nand_ids.o)
                              drivers/nand/libnand.a(nand_base.o) (nand_manuf_ids)
drivers/nand/libnand.a(nand_ecc.o)
                              drivers/nand/libnand.a(nand_base.o) (nand_calculate_ecc)
drivers/nand/libnand.a(nand_bbt.o)
                              drivers/nand/libnand.a(nand_base.o) (nand_update_bbt)
drivers/usb/libusb.a(usbmain.o)
                              cpu/arm920t/s3c24x0/libs3c24x0.a(interrupts.o) (IsrUsbd)
drivers/usb/libusb.a(usbout.o)
                              drivers/usb/libusb.a(usbmain.o) (Ep3Handler)
drivers/usb/libusb.a(usbsetup.o)
                              drivers/usb/libusb.a(usbmain.o) (Ep0Handler)
drivers/usb/libusb.a(usbinit.o)
                              drivers/usb/libusb.a(usbout.o) (download_run)
drivers/usb/libusb.a(usbin.o)
                              drivers/usb/libusb.a(usbmain.o) (PrepareEp1Fifo)
drivers/usb/libusb.a(usblib.o)
                              drivers/usb/libusb.a(usbmain.o) (ReconfigUsbd)
common/libcommon.a(main.o)    lib_arm/libarm.a(board.o) (main_loop)
common/libcommon.a(cmd_autoscript.o)
                              (__u_boot_cmd_autoscr)
common/libcommon.a(cmd_bdinfo.o)
                              (__u_boot_cmd_bdinfo)
common/libcommon.a(cmd_boot.o)
                              (__u_boot_cmd_reset)
common/libcommon.a(cmd_bootm.o)
                              (__u_boot_cmd_imls)
common/libcommon.a(cmd_cache.o)
                              (__u_boot_cmd_dcache)
common/libcommon.a(cmd_console.o)
                              (__u_boot_cmd_coninfo)
common/libcommon.a(cmd_date.o)
                              (__u_boot_cmd_date)
common/libcommon.a(cmd_elf.o)
                              (__u_boot_cmd_bootvx)
common/libcommon.a(cmd_flash.o)
                              (__u_boot_cmd_protect)
common/libcommon.a(cmd_itest.o)
                              (__u_boot_cmd_itest)
common/libcommon.a(cmd_jffs2.o)
                              (__u_boot_cmd_mtdparts)
common/libcommon.a(cmd_load.o)
                              (__u_boot_cmd_loady)
common/libcommon.a(cmd_mem.o)
                              (__u_boot_cmd_mtest)
common/libcommon.a(cmd_misc.o)
                              (__u_boot_cmd_sleep)
common/libcommon.a(cmd_nand.o)
                              (__u_boot_cmd_nboot)
common/libcommon.a(cmd_net.o)
                              (__u_boot_cmd_ping)
common/libcommon.a(cmd_nvedit.o)
                              (__u_boot_cmd_run)
common/libcommon.a(cmd_usbslave.o)
                              (__u_boot_cmd_usbslave)
common/libcommon.a(cmd_menu.o)
                              (__u_boot_cmd_menu)
common/libcommon.a(command.o)
                              (__u_boot_cmd_question_mark)
common/libcommon.a(console.o)
                              cpu/arm920t/libarm920t.a(interrupts.o) (printf)
common/libcommon.a(devices.o)
                              common/libcommon.a(cmd_console.o) (stdio_names)
common/libcommon.a(dlmalloc.o)
                              drivers/nand/libnand.a(nand_base.o) (free)
common/libcommon.a(env_common.o)
                              common/libcommon.a(cmd_nvedit.o) (env_get_char)
common/libcommon.a(env_nand.o)
                              common/libcommon.a(env_common.o) (env_ptr)
[...]
Memory Configuration

Name             Origin             Length             Attributes
*default*        0x00000000         0xffffffff

Linker script and memory map

                0x00000000                . = 0x0
                0x00000000                . = ALIGN (0x4)

.text           0x33f80000    0x247f8
 cpu/arm920t/start.o(.text)
 .text          0x33f80000      0x4a0 cpu/arm920t/start.o
                0x33f80000                _start
                0x33f80340                Launch
                0x33f80058                PreLoadedONRAM
                0x33f80044                _armboot_start
                0x33f80048                _bss_start
                0x33f80054                FREE_RAM_SIZE
                0x33f80050                FREE_RAM_END
                0x33f8005c                IRQ_STACK_START
                0x33f8004c                _bss_end
                0x33f80060                FIQ_STACK_START
 board/100ask24x0/boot_init.o(.text)
 .text          0x33f804a0      0x640 board/100ask24x0/boot_init.o
                0x33f806e8                nand_init_ll
                0x33f809c0                CopyCode2Ram
                0x33f80994                bBootFrmNORFlash
                0x33f80a28                clock_init
                0x33f80778                nand_read_ll
                0x33f80870                nand_read_ll_lp
 *(.text)
 .text          0x33f80ae0       0x64 board/100ask24x0/lib100ask24x0.a(lowlevel_init.o)
                0x33f80ae4                lowlevel_init
 .text          0x33f80b44      0x280 cpu/arm920t/libarm920t.a(interrupts.o)
                0x33f80da0                do_irq
                0x33f80cc8                do_undefined_instruction
                0x33f80d7c                do_fiq
                0x33f80b70                bad_mode
                0x33f80b44                enable_interrupts
                0x33f80b8c                show_regs
                0x33f80b54                disable_interrupts
                0x33f80d10                do_prefetch_abort
                0x33f80cec                do_software_interrupt
                0x33f80d34                do_data_abort
                0x33f80d58                do_not_used
 .text          0x33f80dc4      0x50c cpu/arm920t/s3c24x0/libs3c24x0.a(interrupts.o)
                0x33f80f64                udelay_masked
                0x33f80e44                reset_timer_masked
                0x33f811ec                Isr_Init
                0x33f81280                IRQ_Handle
                0x33f81000                reset_cpu
                0x33f80ff4                get_tbclk
                0x33f81090                Timer_StartEx
                0x33f80fe0                get_ticks
                0x33f8116c                IsrWatchdog
                0x33f810ec                Timer_StopEx
                0x33f80dc4                interrupt_init
                0x33f81020                ClearPending
                0x33f80e74                reset_timer
                0x33f80f08                udelay
                0x33f80ef8                set_timer
                0x33f80e78                get_timer_masked
                0x33f8103c                Timer_InitEx
                0x33f811a4                IsrTimer4
                0x33f80ee4                get_timer
                0x33f811c4                Dummy_isr
 .text          0x33f812d0      0x248 cpu/arm920t/s3c24x0/libs3c24x0.a(speed.o)
                0x33f81448                get_PCLK
                0x33f81510                get_UCLK
                0x33f81388                get_HCLK
                0x33f81380                get_FCLK
 .text          0x33f81518       0x98 lib_arm/libarm.a(_udivsi3.o)
                0x33f81518                __udivsi3
 .text          0x33f815b0      0x31c lib_arm/libarm.a(board.o)
                0x33f815b0                sbrk
                0x33f816a8                start_armboot
                0x33f81698                hang
 .text          0x33f818cc        0x4 lib_arm/libarm.a(div0.o)
                0x33f818cc                __div0
 .text          0x33f818d0     0x14f8 net/libnet.a(net.o)
                0x33f82944                getenv_VLAN
                0x33f81b24                NetSetHandler
                0x33f81c40                NetCksum
                0x33f81f34                PingSend
                0x33f82890                VLAN_to_string
                0x33f82258                NetReceive
                0x33f81dcc                NetSendUDPPacket
                0x33f81c8c                NetSetIP
                0x33f82188                copy_filename
                0x33f818d0                NetSetEther
                0x33f81990                ArpRequest
                0x33f8295c                NetLoop
                0x33f81bb4                ArpTimeoutCheck
                0x33f81c3c                NetSendPacket
                0x33f82234                print_IPaddr
                0x33f828ec                string_to_VLAN
                0x33f82120                NetCksumOk
                0x33f821dc                ip_to_string
                0x33f82800                string_to_ip
                0x33f82144                NetEthHdrSize
                0x33f81b34                NetStartAgain
                0x33f82880                getenv_IPaddr
                0x33f81ae8                NetSetTimeout
 .text          0x33f82dc8      0x6b8 net/libnet.a(tftp.o)
                0x33f8325c                TftpStart
 .text          0x33f83480      0x65c net/libnet.a(bootp.o)
                0x33f83830                BootpRequest
 .text          0x33f83adc      0x1a0 net/libnet.a(rarp.o)
                0x33f83b34                RarpRequest
 .text          0x33f83c7c        0x8 net/libnet.a(eth.o)
                0x33f83c7c                eth_initialize
 .text          0x33f83c84      0xef0 net/libnet.a(nfs.o)
                0x33f84918                NfsStart
 .text          0x33f84b74     0x2380 drivers/libdrivers.a(cfi_flash.o)
                0x33f86628                flash_read_jedec_ids
                0x33f86d04                flash_init
                0x33f84bb8                flash_read64
                0x33f85a80                write_buff
                0x33f85634                flash_erase
                0x33f84bc0                flash_sector_size
                0x33f86690                flash_get_size
                0x33f85844                flash_print_info
 .text          0x33f86ef4      0x234 drivers/libdrivers.a(jedec_flash.o)
                0x33f870c4                jedec_flash_probe
                0x33f86ef4                jedec_flash_match
 .text          0x33f87128      0xc68 drivers/libdrivers.a(dm9000x.o)
                0x33f874ac                eth_init
                0x33f87af0                eth_send
                0x33f87d34                write_srom_word
                0x33f87bc0                eth_halt
                0x33f87454                read_srom_word
                0x33f87bf8                eth_rx
 .text          0x33f87d90       0x94 drivers/nand/libnand.a(nand.o)
                0x33f87d90                nand_init
 .text          0x33f87e24     0x2d40 drivers/nand/libnand.a(nand_base.o)
                0x33f89ae8                nand_write_calmecc
                0x33f8a114                nand_scan
                0x33f89214                nand_read_raw
                0x33f8ab28                nand_release
                0x33f89e84                nand_erase_nand
 .text          0x33f8ab64      0x298 drivers/nand/libnand.a(nand_ecc.o)
                0x33f8ab64                nand_calculate_ecc
                0x33f8ac78                nand_correct_data
 .text          0x33f8adfc     0x15ec drivers/nand/libnand.a(nand_bbt.o)
                0x33f8c380                nand_isbad_bbt
                0x33f8c2ac                nand_default_bbt
                0x33f8be54                nand_scan_bbt
                0x33f8bb60                nand_update_bbt
 .text          0x33f8c3e8      0x11c drivers/usb/libusb.a(usbmain.o)
                0x33f8c4d0                _WrDbgStrFifo
                0x33f8c3e8                UsbdMain
                0x33f8c3fc                DbgPrintf
                0x33f8c408                IsrUsbd
 .text          0x33f8c504      0x3c4 drivers/usb/libusb.a(usbout.o)
                0x33f8c704                IsrDma2
                0x33f8c8a0                ClearEp3OutPktReady
                0x33f8c554                Ep3Handler
 .text          0x33f8c8c8      0xc58 drivers/usb/libusb.a(usbsetup.o)
                0x33f8c90c                Ep0Handler
                0x33f8c8c8                PrintEp0Pkt
                0x33f8d3d4                InitDescriptorTable
 .text          0x33f8d520      0x6c4 drivers/usb/libusb.a(usbinit.o)
                0x33f8dbc8                Clk1_Disable
                0x33f8db30                HaltDabort
                0x33f8db78                Clk1_Enable
                0x33f8dbac                Clk0_Disable
                0x33f8d520                awaitkey
                0x33f8daf4                HaltUndef
                0x33f8db1c                HaltPabort
                0x33f8d590                Port_Init
                0x33f8d690                usb_init
                0x33f8db08                HaltSwi
                0x33f8db44                Clk0_Enable
                0x33f8d82c                usb_receive
 .text          0x33f8dbe4      0x120 drivers/usb/libusb.a(usbin.o)
                0x33f8dc50                Ep1Handler
                0x33f8dbe4                PrepareEp1Fifo
 .text          0x33f8dd04      0x3f4 drivers/usb/libusb.a(usblib.o)
                0x33f8dd04                ReconfigUsbd
                0x33f8e098                ConfigEp3IntMode
                0x33f8df10                WrPktEp2
                0x33f8de80                RdPktEp0
                0x33f8df70                RdPktEp4
                0x33f8de5c                ConfigUsbd
                0x33f8dee0                WrPktEp1
                0x33f8dfa0                ConfigEp3DmaMode
                0x33f8deb0                WrPktEp0
                0x33f8df40                RdPktEp3
 .text          0x33f8e0f8      0x9b0 common/libcommon.a(main.o)
                0x33f8e3b0                run_command
                0x33f8ea2c                do_run
                0x33f8e1d4                readline
                0x33f8e800                main_loop
 .text          0x33f8eaa8      0x260 common/libcommon.a(cmd_autoscript.o)
                0x33f8eaa8                autoscript
                0x33f8ecc8                do_autoscript
 .text          0x33f8ed08       0xe4 common/libcommon.a(cmd_bdinfo.o)
                0x33f8ed1c                do_bdinfo
 .text          0x33f8edec       0x88 common/libcommon.a(cmd_boot.o)
                0x33f8edec                do_go
 .text          0x33f8ee74     0x1000 common/libcommon.a(cmd_bootm.o)
                0x33f8f5b8                do_iminfo
                0x33f8f790                do_bootm
                0x33f8ee74                do_bootd
                0x33f8f634                gunzip
                0x33f8ee98                print_image_hdr
 .text          0x33f8fe74      0x154 common/libcommon.a(cmd_cache.o)
                0x33f8ff40                do_icache
                0x33f8feb8                do_dcache
 .text          0x33f8ffc8       0xd8 common/libcommon.a(cmd_console.o)
                0x33f8ffc8                do_coninfo
 .text          0x33f900a0      0x33c common/libcommon.a(cmd_date.o)
                0x33f902d0                do_date
                0x33f900e8                mk_date
 .text          0x33f903dc      0x394 common/libcommon.a(cmd_elf.o)
                0x33f9054c                do_bootvx
                0x33f906c8                do_bootelf
                0x33f90430                load_elf_image
                0x33f903dc                valid_elf_image
 .text          0x33f90770      0xdb0 common/libcommon.a(cmd_flash.o)
                0x33f90cec                flash_sect_erase
                0x33f91158                do_protect
                0x33f90c4c                do_flinfo
                0x33f90dd8                do_flerase
                0x33f91060                flash_sect_protect
 .text          0x33f91520      0x2f0 common/libcommon.a(cmd_itest.o)
                0x33f91588                binary_test
                0x33f91764                do_itest
 .text          0x33f91810     0x2204 common/libcommon.a(cmd_jffs2.o)
                0x33f92904                find_dev_and_part
                0x33f93114                do_jffs2_fsload
                0x33f92aa8                mtdparts_init
                0x33f93320                do_jffs2_fsinfo
                0x33f932a0                do_jffs2_ls
                0x33f92560                id_parse
                0x33f93478                do_jffs2_mtdparts
                0x33f933b4                do_jffs2_chpart
 .text          0x33f93a14      0xf6c common/libcommon.a(cmd_load.o)
                0x33f93d08                send_pad
                0x33f94000                k_data_char
                0x33f93f10                k_data_init
                0x33f93e30                send_nack
                0x33f942a8                do_load_serial_bin
                0x33f93f9c                k_data_restore
                0x33f93f38                k_data_save
                0x33f93d44                ktrans
                0x33f93a14                do_load_serial
                0x33f93d70                chk1
                0x33f93dcc                send_ack
                0x33f94074                handle_send_packet
                0x33f93da0                s1_sendpacket
 .text          0x33f94980      0xb28 common/libcommon.a(cmd_mem.o)
                0x33f94cd4                do_mem_cmp
                0x33f94e90                do_mem_cp
                0x33f949f4                do_mem_md
                0x33f953f0                do_mem_crc
                0x33f953c8                do_mem_mm
                0x33f94fc4                do_mem_base
                0x33f953a0                do_mem_nm
                0x33f94c08                do_mem_mw
                0x33f95008                do_mem_loop
                0x33f94980                cmd_get_data_size
                0x33f9510c                do_mem_mtest
 .text          0x33f954a8       0x9c common/libcommon.a(cmd_misc.o)
                0x33f954a8                do_sleep
 .text          0x33f95544     0x1274 common/libcommon.a(cmd_nand.o)
                0x33f95780                do_nand
                0x33f96594                do_nandboot
 .text          0x33f967b8      0x388 common/libcommon.a(cmd_net.o)
                0x33f96a84                do_rarpb
                0x33f96a9c                do_bootp
                0x33f96aa8                do_ping
                0x33f96a90                do_tftpb
                0x33f96a78                do_nfs
 .text          0x33f96b40      0x8b8 common/libcommon.a(cmd_nvedit.o)
                0x33f9728c                getenv
                0x33f97214                setenv
                0x33f96d70                _do_setenv
                0x33f96bb4                do_printenv
                0x33f9724c                do_setenv
                0x33f973cc                do_saveenv
                0x33f97308                getenv_r
 .text          0x33f973f8      0x150 common/libcommon.a(cmd_usbslave.o)
                0x33f973f8                do_usbslave
 .text          0x33f97548      0x568 common/libcommon.a(cmd_menu.o)
                0x33f975a4                param_menu_shell
                0x33f977a4                menu_shell
                0x33f976e0                main_menu_usage
                0x33f97548                param_menu_usage
                0x33f97aa0                do_menu
 .text          0x33f97ab0      0x308 common/libcommon.a(command.o)
                0x33f97b50                find_cmd
                0x33f97ad0                do_echo
                0x33f97ab0                do_version
                0x33f97bf8                do_help
 .text          0x33f97db8      0x570 common/libcommon.a(console.o)
                0x33f9818c                console_init_f
                0x33f97e60                serial_printf
                0x33f980cc                had_ctrlc
                0x33f9805c                ctrlc
                0x33f9819c                console_init_r
                0x33f980dc                clear_ctrlc
                0x33f97e98                fgetc
                0x33f98030                vprintf
                0x33f97ee8                fputc
                0x33f980b4                disable_ctrlc
                0x33f97f18                fputs
                0x33f97f44                fprintf
                0x33f980f0                dbg
                0x33f980fc                console_assign
                0x33f97f9c                tstc
                0x33f97f84                getc
                0x33f97ff8                printf
                0x33f97fdc                puts
                0x33f97fb4                putc
                0x33f97ec0                ftstc
 .text          0x33f98328       0xf0 common/libcommon.a(devices.o)
                0x33f98328                device_register
                0x33f9834c                devices_init
                0x33f983fc                devices_done
 .text          0x33f98418     0x108c common/libcommon.a(dlmalloc.o)
                0x33f993ec                malloc_usable_size
                0x33f9844c                malloc_trim
                0x33f99318                calloc
                0x33f98d7c                realloc
                0x33f98738                malloc
                0x33f98418                malloc_bin_reloc
                0x33f991e4                memalign
                0x33f9942c                mallopt
                0x33f993e8                cfree
                0x33f99300                pvalloc
                0x33f98524                free
                0x33f992f4                valloc
 .text          0x33f994a4      0x124 common/libcommon.a(env_common.o)
                0x33f994f8                env_get_char_memory
                0x33f99538                env_relocate
                0x33f99518                env_get_addr
                0x33f994a4                env_crc_update
 .text          0x33f995c8      0x204 common/libcommon.a(env_nand.o)
                0x33f995f0                saveenv
                0x33f99744                env_relocate_spec
                0x33f995c8                env_get_char_spec
                0x33f995d4                env_init
 .text          0x33f997cc       0xc0 common/libcommon.a(exports.o)
                0x33f997d8                jumptable_init
                0x33f997d0                get_version
 .text          0x33f9988c      0x3d0 common/libcommon.a(flash.o)
                0x33f99b7c                flash_perror
                0x33f9999c                addr2info
                0x33f9988c                flash_protect
                0x33f999e4                flash_write
 .text          0x33f99c5c      0x3c8 common/libcommon.a(lists.o)
                0x33f99db4                ListSetAllocationPolicy
                0x33f99dcc                ListInsertItems
                0x33f99cbc                DisposeHandle
                0x33f99ce4                SetHandleSize
                0x33f9a000                ListGetDataPtr
                0x33f99f88                ListGetItems
                0x33f9a00c                ListGetItemSize
                0x33f99d54                ListCreate
                0x33f99fd0                ListGetPtrToItem
                0x33f99dc8                ListDispose
                0x33f9a018                ListNumItems
                0x33f99f80                ListInsertItem
                0x33f99cdc                GetHandleSize
                0x33f99c5c                NewHandle
 .text          0x33f9a024      0x2f8 common/libcommon.a(s_record.o)
                0x33f9a098                srec_decode
 .text          0x33f9a31c      0xa98 common/libcommon.a(xyzModem.o)
                0x33f9ad18                xyzModem_error
                0x33f9a384                parse_num
                0x33f9a940                xyzModem_stream_read
                0x33f9a7cc                xyzModem_stream_open
                0x33f9a31c                CYGACC_COMM_IF_GETC_TIMEOUT
                0x33f9a378                CYGACC_COMM_IF_PUTC
                0x33f9ac40                xyzModem_stream_terminate
                0x33f9abe8                xyzModem_stream_close
 .text          0x33f9adb4       0x4c common/libcommon.a(crc16.o)
                0x33f9adb4                cyg_crc16
 .text          0x33f9ae00      0x1f0 lib_generic/libgeneric.a(crc32.o)
                0x33f9aefc                crc32_no_comp
                0x33f9ae00                crc32
 .text          0x33f9aff0       0xb4 lib_generic/libgeneric.a(display_options.o)
                0x33f9b010                print_size
                0x33f9aff0                display_options
 .text          0x33f9b0a4      0x5a0 lib_generic/libgeneric.a(string.o)
                0x33f9b4cc                memcpy
                0x33f9b4a0                bcopy
                0x33f9b2c4                strspn
                0x33f9b0e4                strcat
                0x33f9b21c                strrchr
                0x33f9b180                strncmp
                0x33f9b1f8                strlen
                0x33f9b4f4                memmove
                0x33f9b3e8                strsep
                0x33f9b110                strncat
                0x33f9b364                strtok
                0x33f9b0c0                strncpy
                0x33f9b47c                memset
                0x33f9b554                memcmp
                0x33f9b254                strnlen
                0x33f9b614                memchr
                0x33f9b5ac                strstr
                0x33f9b150                strcmp
                0x33f9b420                strswab
                0x33f9b324                strpbrk
                0x33f9b1c8                strchr
                0x33f9b588                memscan
                0x33f9b28c                strdup
                0x33f9b0a4                strcpy
 .text          0x33f9b644      0x7a4 lib_generic/libgeneric.a(vsprintf.o)
                0x33f9b6f8                simple_strtol
                0x33f9b998                vsprintf
                0x33f9bd80                sprintf
                0x33f9b644                simple_strtoul
                0x33f9bda0                panic
 .text          0x33f9bde8     0x2be8 lib_generic/libgeneric.a(zlib.o)
                0x33f9bfb8                inflateReset
                0x33f9bf18                inflateEnd
                0x33f9c28c                inflateInit
                0x33f9cbb4                inflate
                0x33f9c2e4                inflateIncomp
                0x33f9c020                inflateSync
                0x33f9c12c                inflateInit2
                0x33f9e85c                adler32
 .text          0x33f9e9d0      0x118 board/100ask24x0/lib100ask24x0.a(100ask24x0.o)
                0x33f9eaa0                dram_init
                0x33f9eac0                board_flash_get_legacy
                0x33f9e9d0                board_init
 .text          0x33f9eae8      0x168 cpu/arm920t/libarm920t.a(cpu.o)
                0x33f9ebf0                icache_status
                0x33f9ebb8                icache_enable
                0x33f9ebd4                icache_disable
                0x33f9ec04                dcache_enable
                0x33f9eb78                cleanup_before_linux
                0x33f9eba0                do_reset
                0x33f9eb20                cpu_init
                0x33f9ec20                dcache_disable
                0x33f9ec3c                dcache_status
 .text          0x33f9ec50       0xdc cpu/arm920t/s3c24x0/libs3c24x0.a(serial.o)
                0x33f9ecf4                serial_tstc
                0x33f9ed04                serial_puts
                0x33f9eca4                serial_init
                0x33f9eccc                serial_putc
                0x33f9ecb4                serial_getc
                0x33f9ec50                serial_setbrg
 .text          0x33f9ed2c      0x20c cpu/arm920t/s3c24x0/libs3c24x0.a(nand_flash.o)
                0x33f9ee54                board_nand_init
 .text          0x33f9ef38       0x1c lib_arm/libarm.a(_ashldi3.o)
                0x33f9ef38                __ashldi3
 .text          0x33f9ef54       0x1c lib_arm/libarm.a(_ashrdi3.o)
                0x33f9ef54                __ashrdi3
 *fill*         0x33f9ef70       0x10 00
 .text          0x33f9ef80      0x140 lib_arm/libarm.a(_divsi3.o)
                0x33f9ef80                __divsi3
 .text          0x33f9f0c0      0x100 lib_arm/libarm.a(_modsi3.o)
                0x33f9f0c0                __modsi3
 .text          0x33f9f1c0       0xb4 lib_arm/libarm.a(_umodsi3.o)
                0x33f9f1c0                __umodsi3
 .text          0x33f9f274      0x458 lib_arm/libarm.a(armlinux.o)
                0x33f9f3bc                do_bootm_rawLinux
                0x33f9f424                do_bootm_linux
 .text          0x33f9f6cc        0x4 lib_arm/libarm.a(cache.o)
                0x33f9f6cc                flush_cache
 .text          0x33f9f6d0      0x7fc fs/cramfs/libcramfs.a(cramfs.o)
                0x33f9fc24                cramfs_ls
                0x33f9fe5c                cramfs_check
                0x33f9f9e0                cramfs_load
                0x33f9fd94                cramfs_info
 .text          0x33f9fecc       0xdc fs/cramfs/libcramfs.a(uncompress.o)
                0x33f9ff90                cramfs_uncompress_exit
                0x33f9fee4                cramfs_uncompress_block
                0x33f9ff30                cramfs_uncompress_init
 .text          0x33f9ffa8     0x1f90 fs/jffs2/libjffs2.a(jffs2_1pass.o)
                0x33fa0ab4                jffs2_1pass_rescan_needed
                0x33fa1994                jffs2_1pass_load
                0x33fa084c                mkmodestr
                0x33fa02f0                jffs2_free_cache
                0x33fa10e4                jffs2_1pass_ls
                0x33fa1d8c                jffs2_1pass_info
 .text          0x33fa1f38       0xd0 fs/jffs2/libjffs2.a(compr_rtime.o)
                0x33fa1f38                rtime_decompress
 .text          0x33fa2008      0x128 fs/jffs2/libjffs2.a(compr_rubin.o)
                0x33fa2008                rubin_do_decompress
                0x33fa20e8                dynrubin_decompress
 .text          0x33fa2130       0x18 fs/jffs2/libjffs2.a(compr_zlib.o)
                0x33fa2130                zlib_decompress
 .text          0x33fa2148      0xdd0 fs/jffs2/libjffs2.a(mini_inflate.o)
                0x33fa2628                decompress_block
                0x33fa2148                cramfs_memset
                0x33fa21c4                pull_bit
                0x33fa215c                pull_bits
 .text          0x33fa2f18      0x2b8 rtc/librtc.a(date.o)
                0x33fa2f18                GregorianDay
                0x33fa3130                mktime
                0x33fa3008                to_tm
 .text          0x33fa31d0      0x214 rtc/librtc.a(s3c24x0_rtc.o)
                0x33fa3308                rtc_set
                0x33fa321c                rtc_get
                0x33fa33c0                rtc_reset
 .text          0x33fa33e4      0xed0 drivers/nand/libnand.a(nand_util.o)
                0x33fa3ca8                nand_read_opts
                0x33fa4184                nand_unlock
                0x33fa40f8                nand_get_lock_status
                0x33fa33ec                nand_erase_opts
                0x33fa377c                nand_write_opts
                0x33fa4084                nand_lock
 .text          0x33fa42b4      0x544 /work/tools/gcc-3.4.5-glibc-2.3.6/lib/gcc/arm-linux/3.4.5/libgcc.a(_udivdi3.oS)
                0x33fa42b4                __udivdi3

.glue_7         0x33fa47f8        0x0

.glue_7t        0x33fa47f8        0x0
                0x33fa47f8                . = ALIGN (0x4)

.rodata         0x33fa47f8     0x1d5c
 *(.rodata)
 .rodata        0x33fa47f8       0x80 cpu/arm920t/libarm920t.a(interrupts.o)
 .rodata        0x33fa4878       0x28 lib_arm/libarm.a(board.o)
                0x33fa4878                version_string
 .rodata        0x33fa48a0        0x8 net/libnet.a(net.o)
 .rodata        0x33fa48a8        0x8 drivers/libdrivers.a(cfi_flash.o)
 .rodata        0x33fa48b0     0x1328 drivers/libdrivers.a(jedec_flash.o)
 .rodata        0x33fa5bd8        0x8 drivers/nand/libnand.a(nand.o)
 .rodata        0x33fa5be0       0x14 drivers/nand/libnand.a(nand_base.o)
 .rodata        0x33fa5bf4      0x100 drivers/nand/libnand.a(nand_ecc.o)
 .rodata        0x33fa5cf4       0x46 drivers/usb/libusb.a(usbsetup.o)
 *fill*         0x33fa5d3a        0x2 00
 .rodata        0x33fa5d3c       0x14 common/libcommon.a(cmd_nvedit.o)
 .rodata        0x33fa5d50      0x200 common/libcommon.a(crc16.o)
 .rodata        0x33fa5f50      0x400 lib_generic/libgeneric.a(crc32.o)
 .rodata        0x33fa6350       0x30 cpu/arm920t/s3c24x0/libs3c24x0.a(nand_flash.o)
 .rodata        0x33fa6380       0xa4 fs/jffs2/libjffs2.a(jffs2_1pass.o)
 .rodata        0x33fa6424       0x30 rtc/librtc.a(date.o)
 .rodata        0x33fa6454      0x100 /work/tools/gcc-3.4.5-glibc-2.3.6/lib/gcc/arm-linux/3.4.5/libgcc.a(_clz.oS)
                0x33fa6454                __clz_tab

.rodata.str1.4  0x33fa6554     0x869b
 .rodata.str1.4
                0x33fa6554      0x293 cpu/arm920t/libarm920t.a(interrupts.o)
                                0x29c (size before relaxing)
 *fill*         0x33fa67e7        0x1 00
 .rodata.str1.4
                0x33fa67e8       0x36 cpu/arm920t/s3c24x0/libs3c24x0.a(interrupts.o)
                                 0x38 (size before relaxing)
 *fill*         0x33fa681e        0x2 00
 .rodata.str1.4
                0x33fa6820       0x7d lib_arm/libarm.a(board.o)
                                 0x84 (size before relaxing)
 *fill*         0x33fa689d        0x3 00
 .rodata.str1.4
                0x33fa68a0      0x1ed net/libnet.a(net.o)
                                0x1f0 (size before relaxing)
 *fill*         0x33fa6a8d        0x3 00
 .rodata.str1.4
                0x33fa6a90      0x1c7 net/libnet.a(tftp.o)
                                0x1d4 (size before relaxing)
 *fill*         0x33fa6c57        0x1 00
 .rodata.str1.4
                0x33fa6c58       0x84 net/libnet.a(bootp.o)
                                 0xb8 (size before relaxing)
 .rodata.str1.4
                0x33fa6cdc       0x13 net/libnet.a(rarp.o)
                                 0x4c (size before relaxing)
 *fill*         0x33fa6cef        0x1 00
 .rodata.str1.4
                0x33fa6cf0      0x101 net/libnet.a(nfs.o)
                                0x18c (size before relaxing)
 *fill*         0x33fa6df1        0x3 00
 .rodata.str1.4
                0x33fa6df4      0x3d7 drivers/libdrivers.a(cfi_flash.o)
                                0x3dc (size before relaxing)
 *fill*         0x33fa71cb        0x1 00
 .rodata.str1.4
                0x33fa71cc      0x6ad drivers/libdrivers.a(jedec_flash.o)
                                0x6d0 (size before relaxing)
 *fill*         0x33fa7879        0x3 00
 .rodata.str1.4
                0x33fa787c      0x233 drivers/libdrivers.a(dm9000x.o)
                                0x23c (size before relaxing)
 *fill*         0x33fa7aaf        0x1 00
 .rodata.str1.4
                0x33fa7ab0        0x9 drivers/nand/libnand.a(nand.o)
                                  0xc (size before relaxing)
 *fill*         0x33fa7ab9        0x3 00
 .rodata.str1.4
                0x33fa7abc      0x316 drivers/nand/libnand.a(nand_base.o)
                                0x31c (size before relaxing)
 *fill*         0x33fa7dd2        0x2 00
 .rodata.str1.4
                0x33fa7dd4      0x43a drivers/nand/libnand.a(nand_ids.o)
                                0x43c (size before relaxing)
 *fill*         0x33fa820e        0x2 00
 .rodata.str1.4
                0x33fa8210      0x308 drivers/nand/libnand.a(nand_bbt.o)
 .rodata.str1.4
                0x33fa8518       0x18 drivers/usb/libusb.a(usbout.o)
 .rodata.str1.4
                0x33fa8530      0x12b drivers/usb/libusb.a(usbsetup.o)
                                0x138 (size before relaxing)
 *fill*         0x33fa865b        0x1 00
 .rodata.str1.4
                0x33fa865c      0x2dd drivers/usb/libusb.a(usbinit.o)
                                0x2e8 (size before relaxing)
 *fill*         0x33fa8939        0x3 00
 .rodata.str1.4
                0x33fa893c       0x12 drivers/usb/libusb.a(usbin.o)
                                 0x24 (size before relaxing)
 *fill*         0x33fa894e        0x2 00
 .rodata.str1.4
                0x33fa8950      0x2b0 common/libcommon.a(main.o)
                                0x2b4 (size before relaxing)
 .rodata.str1.4
                0x33fa8c00       0xf6 common/libcommon.a(cmd_autoscript.o)
                                 0xf8 (size before relaxing)
 *fill*         0x33fa8cf6        0x2 00
 .rodata.str1.4
                0x33fa8cf8       0xbf common/libcommon.a(cmd_bdinfo.o)
                                 0xc0 (size before relaxing)
 *fill*         0x33fa8db7        0x1 00
 .rodata.str1.4
                0x33fa8db8      0x10b common/libcommon.a(cmd_boot.o)
                                0x118 (size before relaxing)
 *fill*         0x33fa8ec3        0x1 00
 .rodata.str1.4
                0x33fa8ec4      0x8c5 common/libcommon.a(cmd_bootm.o)
                                0x908 (size before relaxing)
 *fill*         0x33fa9789        0x3 00
 .rodata.str1.4
                0x33fa978c      0x125 common/libcommon.a(cmd_cache.o)
                                0x13c (size before relaxing)
 *fill*         0x33fa98b1        0x3 00
 .rodata.str1.4
                0x33fa98b4       0x70 common/libcommon.a(cmd_console.o)
                                 0x74 (size before relaxing)
 .rodata.str1.4
                0x33fa9924      0x16c common/libcommon.a(cmd_date.o)
                                0x180 (size before relaxing)
 .rodata.str1.4
                0x33fa9a90      0x2d7 common/libcommon.a(cmd_elf.o)
                                0x2f0 (size before relaxing)
 *fill*         0x33fa9d67        0x1 00
 .rodata.str1.4
                0x33fa9d68      0x884 common/libcommon.a(cmd_flash.o)
                                0x8c4 (size before relaxing)
 .rodata.str1.4
                0x33faa5ec       0xce common/libcommon.a(cmd_itest.o)
                                 0xdc (size before relaxing)
 *fill*         0x33faa6ba        0x2 00
 .rodata.str1.4
                0x33faa6bc      0xfa4 common/libcommon.a(cmd_jffs2.o)
                                0xffc (size before relaxing)
 .rodata.str1.4
                0x33fab660      0x3fc common/libcommon.a(cmd_load.o)
                                0x41c (size before relaxing)
 .rodata.str1.4
                0x33faba5c      0x629 common/libcommon.a(cmd_mem.o)
                                0x648 (size before relaxing)
 *fill*         0x33fac085        0x3 00
 .rodata.str1.4
                0x33fac088       0x70 common/libcommon.a(cmd_misc.o)
                                 0x7c (size before relaxing)
 .rodata.str1.4
                0x33fac0f8      0xb29 common/libcommon.a(cmd_nand.o)
                                0xb70 (size before relaxing)
 *fill*         0x33facc21        0x3 00
 .rodata.str1.4
                0x33facc24      0x22a common/libcommon.a(cmd_net.o)
                                0x27c (size before relaxing)
 *fill*         0x33face4e        0x2 00
 .rodata.str1.4
                0x33face50      0x31d common/libcommon.a(cmd_nvedit.o)
                                0x3b0 (size before relaxing)
 *fill*         0x33fad16d        0x3 00
 .rodata.str1.4
                0x33fad170       0xa1 common/libcommon.a(cmd_usbslave.o)
                                 0xc0 (size before relaxing)
 *fill*         0x33fad211        0x3 00
 .rodata.str1.4
                0x33fad214      0x5b4 common/libcommon.a(cmd_menu.o)
                                0x5e4 (size before relaxing)
 .rodata.str1.4
                0x33fad7c8      0x27e common/libcommon.a(command.o)
                                0x280 (size before relaxing)
 *fill*         0x33fada46        0x2 00
 .rodata.str1.4
                0x33fada48       0x75 common/libcommon.a(console.o)
                                 0x7c (size before relaxing)
 *fill*         0x33fadabd        0x3 00
 .rodata.str1.4
                0x33fadac0       0x2f common/libcommon.a(devices.o)
                                 0x48 (size before relaxing)
 *fill*         0x33fadaef        0x1 00
 .rodata.str1.4
                0x33fadaf0       0x33 common/libcommon.a(env_common.o)
                                 0x34 (size before relaxing)
 *fill*         0x33fadb23        0x1 00
 .rodata.str1.4
                0x33fadb24       0x97 common/libcommon.a(env_nand.o)
                                 0xa0 (size before relaxing)
 *fill*         0x33fadbbb        0x1 00
 .rodata.str1.4
                0x33fadbbc      0x11d common/libcommon.a(flash.o)
                                0x120 (size before relaxing)
 *fill*         0x33fadcd9        0x3 00
 .rodata.str1.4
                0x33fadcdc       0xf2 common/libcommon.a(xyzModem.o)
                                 0xf8 (size before relaxing)
 *fill*         0x33faddce        0x2 00
 .rodata.str1.4
                0x33faddd0       0x17 lib_generic/libgeneric.a(display_options.o)
                                 0x20 (size before relaxing)
 *fill*         0x33fadde7        0x1 00
 .rodata.str1.4
                0x33fadde8       0x57 lib_generic/libgeneric.a(vsprintf.o)
                                 0x58 (size before relaxing)
 *fill*         0x33fade3f        0x1 00
 .rodata.str1.4
                0x33fade40      0x20d lib_generic/libgeneric.a(zlib.o)
                                0x214 (size before relaxing)
 *fill*         0x33fae04d        0x3 00
 .rodata.str1.4
                0x33fae050       0x14 cpu/arm920t/s3c24x0/libs3c24x0.a(nand_flash.o)
 .rodata.str1.4
                0x33fae064       0x5c lib_arm/libarm.a(armlinux.o)
                                 0xc4 (size before relaxing)
 .rodata.str1.4
                0x33fae0c0      0x1ac fs/cramfs/libcramfs.a(cramfs.o)
                                0x1b4 (size before relaxing)
 .rodata.str1.4
                0x33fae26c      0x42b fs/jffs2/libjffs2.a(jffs2_1pass.o)
                                0x450 (size before relaxing)
 *fill*         0x33fae697        0x1 00
 .rodata.str1.4
                0x33fae698      0x557 drivers/nand/libnand.a(nand_util.o)
                                0x55c (size before relaxing)
                0x33faebf0                . = ALIGN (0x4)

.data           0x33faebf0     0x156c
 *(.data)
 .data          0x33faebf0       0x2c lib_arm/libarm.a(board.o)
                0x33faebf0                init_sequence
 .data          0x33faec1c        0xa net/libnet.a(net.o)
                0x33faec1e                NetOurVLAN
                0x33faec1c                NetOurNativeVLAN
                0x33faec20                NetBcastAddr
 *fill*         0x33faec26        0x2 00
 .data          0x33faec28        0x4 net/libnet.a(nfs.o)
 .data          0x33faec2c        0x8 drivers/libdrivers.a(cfi_flash.o)
 .data          0x33faec34        0x4 drivers/libdrivers.a(dm9000x.o)
 .data          0x33faec38        0x4 drivers/nand/libnand.a(nand.o)
                0x33faec38                nand_curr_device
 .data          0x33faec3c      0x298 drivers/nand/libnand.a(nand_base.o)
 .data          0x33faeed4      0x548 drivers/nand/libnand.a(nand_ids.o)
                0x33faeed4                nand_manuf_ids
                0x33faef0c                nand_flash_ids
 .data          0x33faf41c      0x110 drivers/nand/libnand.a(nand_bbt.o)
 .data          0x33faf52c        0x2 drivers/usb/libusb.a(usbsetup.o)
                0x33faf52c                Selfpwr
                0x33faf52d                Configuration
 *fill*         0x33faf52e        0x2 00
 .data          0x33faf530       0x10 common/libcommon.a(main.o)
 .data          0x33faf540        0x4 common/libcommon.a(cmd_bootm.o)
                0x33faf540                load_addr
 .data          0x33faf544       0x1c common/libcommon.a(cmd_date.o)
                0x33faf544                weekdays
 .data          0x33faf560       0x68 common/libcommon.a(cmd_itest.o)
                0x33faf560                op_table
 .data          0x33faf5c8        0x4 common/libcommon.a(cmd_load.o)
 .data          0x33faf5cc        0x4 common/libcommon.a(cmd_mem.o)
                0x33faf5cc                dp_last_length
 .data          0x33faf5d0        0x4 common/libcommon.a(cmd_usbslave.o)
                0x33faf5d0                g_bUSBWait
 .data          0x33faf5d4        0xc common/libcommon.a(devices.o)
                0x33faf5d4                stdio_names
 .data          0x33faf5e0      0x414 common/libcommon.a(dlmalloc.o)
 .data          0x33faf9f4      0x100 common/libcommon.a(env_common.o)
                0x33faf9f8                default_environment
                0x33fafaf0                env_get_char
                0x33faf9f4                default_environment_size
 .data          0x33fafaf4        0x4 common/libcommon.a(env_nand.o)
                0x33fafaf4                env_name_spec
 .data          0x33fafaf8      0x100 lib_generic/libgeneric.a(ctype.o)
                0x33fafaf8                _ctype
 .data          0x33fafbf8      0x2a0 lib_generic/libgeneric.a(zlib.o)
                0x33fafbf8                z_errmsg
                0x33fafc18                zlib_version
 .data          0x33fafe98       0x28 fs/jffs2/libjffs2.a(jffs2_1pass.o)
 .data          0x33fafec0       0x13 fs/jffs2/libjffs2.a(mini_inflate.o)
 *fill*         0x33fafed3        0x1 00
 .data          0x33fafed4       0x30 rtc/librtc.a(date.o)
 .data          0x33faff04      0x258 drivers/nand/libnand.a(nand_util.o)

.got.plt        0x33fb015c        0xc
 .got.plt       0x33fb015c        0xc /work/tools/gcc-3.4.5-glibc-2.3.6/lib/gcc/arm-linux/3.4.5/libgcc.a(_udivdi3.oS)
                0x33fb015c                _GLOBAL_OFFSET_TABLE_
                0x33fb0168                . = ALIGN (0x4)

.got            0x33fb0168        0x4
 *(.got)
 .got           0x33fb0168        0x4 /work/tools/gcc-3.4.5-glibc-2.3.6/lib/gcc/arm-linux/3.4.5/libgcc.a(_udivdi3.oS)
                0x33fb016c                . = .
                0x33fb016c                __u_boot_cmd_start = .

.u_boot_cmd     0x33fb016c      0x540
 *(.u_boot_cmd)
 .u_boot_cmd    0x33fb016c       0x18 common/libcommon.a(cmd_autoscript.o)
                0x33fb016c                __u_boot_cmd_autoscr
 .u_boot_cmd    0x33fb0184       0x18 common/libcommon.a(cmd_bdinfo.o)
                0x33fb0184                __u_boot_cmd_bdinfo
 .u_boot_cmd    0x33fb019c       0x30 common/libcommon.a(cmd_boot.o)
                0x33fb019c                __u_boot_cmd_reset
                0x33fb01b4                __u_boot_cmd_go
 .u_boot_cmd    0x33fb01cc       0x78 common/libcommon.a(cmd_bootm.o)
                0x33fb022c                __u_boot_cmd_bootm
                0x33fb01e4                __u_boot_cmd_iminfo
                0x33fb01cc                __u_boot_cmd_imls
                0x33fb01fc                __u_boot_cmd_bootd
                0x33fb0214                __u_boot_cmd_boot
 .u_boot_cmd    0x33fb0244       0x30 common/libcommon.a(cmd_cache.o)
                0x33fb0244                __u_boot_cmd_dcache
                0x33fb025c                __u_boot_cmd_icache
 .u_boot_cmd    0x33fb0274       0x18 common/libcommon.a(cmd_console.o)
                0x33fb0274                __u_boot_cmd_coninfo
 .u_boot_cmd    0x33fb028c       0x18 common/libcommon.a(cmd_date.o)
                0x33fb028c                __u_boot_cmd_date
 .u_boot_cmd    0x33fb02a4       0x30 common/libcommon.a(cmd_elf.o)
                0x33fb02bc                __u_boot_cmd_bootelf
                0x33fb02a4                __u_boot_cmd_bootvx
 .u_boot_cmd    0x33fb02d4       0x48 common/libcommon.a(cmd_flash.o)
                0x33fb0304                __u_boot_cmd_flinfo
                0x33fb02d4                __u_boot_cmd_protect
                0x33fb02ec                __u_boot_cmd_erase
 .u_boot_cmd    0x33fb031c       0x18 common/libcommon.a(cmd_itest.o)
                0x33fb031c                __u_boot_cmd_itest
 .u_boot_cmd    0x33fb0334       0x78 common/libcommon.a(cmd_jffs2.o)
                0x33fb0364                __u_boot_cmd_fsinfo
                0x33fb034c                __u_boot_cmd_chpart
                0x33fb0334                __u_boot_cmd_mtdparts
                0x33fb037c                __u_boot_cmd_ls
                0x33fb0394                __u_boot_cmd_fsload
 .u_boot_cmd    0x33fb03ac       0x60 common/libcommon.a(cmd_load.o)
                0x33fb03ac                __u_boot_cmd_loady
                0x33fb03c4                __u_boot_cmd_loadx
                0x33fb03f4                __u_boot_cmd_loads
                0x33fb03dc                __u_boot_cmd_loadb
 .u_boot_cmd    0x33fb040c       0xf0 common/libcommon.a(cmd_mem.o)
                0x33fb04cc                __u_boot_cmd_mm
                0x33fb0484                __u_boot_cmd_cp
                0x33fb0424                __u_boot_cmd_loop
                0x33fb043c                __u_boot_cmd_base
                0x33fb049c                __u_boot_cmd_mw
                0x33fb046c                __u_boot_cmd_cmp
                0x33fb04b4                __u_boot_cmd_nm
                0x33fb040c                __u_boot_cmd_mtest
                0x33fb0454                __u_boot_cmd_crc32
                0x33fb04e4                __u_boot_cmd_md
 .u_boot_cmd    0x33fb04fc       0x18 common/libcommon.a(cmd_misc.o)
                0x33fb04fc                __u_boot_cmd_sleep
 .u_boot_cmd    0x33fb0514       0x30 common/libcommon.a(cmd_nand.o)
                0x33fb052c                __u_boot_cmd_nand
                0x33fb0514                __u_boot_cmd_nboot
 .u_boot_cmd    0x33fb0544       0x78 common/libcommon.a(cmd_net.o)
                0x33fb0544                __u_boot_cmd_ping
                0x33fb055c                __u_boot_cmd_nfs
                0x33fb0574                __u_boot_cmd_rarpboot
                0x33fb05a4                __u_boot_cmd_bootp
                0x33fb058c                __u_boot_cmd_tftpboot
 .u_boot_cmd    0x33fb05bc       0x60 common/libcommon.a(cmd_nvedit.o)
                0x33fb05ec                __u_boot_cmd_setenv
                0x33fb0604                __u_boot_cmd_printenv
                0x33fb05d4                __u_boot_cmd_saveenv
                0x33fb05bc                __u_boot_cmd_run
 .u_boot_cmd    0x33fb061c       0x18 common/libcommon.a(cmd_usbslave.o)
                0x33fb061c                __u_boot_cmd_usbslave
 .u_boot_cmd    0x33fb0634       0x18 common/libcommon.a(cmd_menu.o)
                0x33fb0634                __u_boot_cmd_menu
 .u_boot_cmd    0x33fb064c       0x60 common/libcommon.a(command.o)
                0x33fb0694                __u_boot_cmd_version
                0x33fb067c                __u_boot_cmd_echo
                0x33fb0664                __u_boot_cmd_help
                0x33fb064c                __u_boot_cmd_question_mark
                0x33fb06ac                __u_boot_cmd_end = .
                0x33fb06ac                . = ALIGN (0x4)
                0x33fb06ac                __bss_start = .

.bss            0x33fb06ac     0x7258
 *(.bss)
 .bss           0x33fb06ac       0xe0 cpu/arm920t/s3c24x0/libs3c24x0.a(interrupts.o)
                0x33fb06b0                isr_handle_array
                0x33fb0778                intregs
                0x33fb077c                g_TimerIntHappen
                0x33fb06ac                timer_load_val
 .bss           0x33fb078c       0x10 lib_arm/libarm.a(board.o)
                0x33fb078c                monitor_flash_len
 .bss           0x33fb079c     0x25d0 net/libnet.a(net.o)
                0x33fb08f4                PktBuf
                0x33fb0830                NetOurDNSIP
                0x33fb0850                NetRxPackets
                0x33fb07ee                NetOurHostName
                0x33fb0848                NetOurIP
                0x33fb0834                NetOurGatewayIP
                0x33fb0870                BootFile
                0x33fb079c                NetTxPacket
                0x33fb2728                NetArpWaitPacketBuf
                0x33fb080e                NetOurNISDomain
                0x33fb07ae                NetOurRootPath
                0x33fb07a6                NetServerEther
                0x33fb086c                NetState
                0x33fb0838                NetOurSubnetMask
                0x33fb2714                NetArpWaitPacketIP
                0x33fb2d48                NetArpWaitTimerStart
                0x33fb084c                NetServerIP
                0x33fb07a0                NetEtherNullAddr
                0x33fb2718                NetArpWaitReplyIP
                0x33fb271c                NetArpWaitPacketMAC
                0x33fb0840                NetOurEther
                0x33fb0868                NetIPID
                0x33fb2724                NetArpWaitTxPacketSize
                0x33fb2720                NetArpWaitTxPacket
                0x33fb07ac                NetBootFileSize
                0x33fb2d4c                NetArpWaitTry
                0x33fb08f0                NetPingIP
                0x33fb0864                NetRxPktLen
                0x33fb083c                NetBootFileXferSize
                0x33fb0860                NetRxPkt
 .bss           0x33fb2d6c       0x34 net/libnet.a(tftp.o)
 .bss           0x33fb2da0        0x8 net/libnet.a(bootp.o)
                0x33fb2da4                BootpTry
                0x33fb2da0                BootpID
 .bss           0x33fb2da8        0x4 net/libnet.a(rarp.o)
                0x33fb2da8                RarpTry
 .bss           0x33fb2dac      0x8b0 net/libnet.a(nfs.o)
 .bss           0x33fb365c      0xa3c drivers/libdrivers.a(cfi_flash.o)
                0x33fb365c                flash_info
 .bss           0x33fb4098       0xb0 drivers/libdrivers.a(dm9000x.o)
 .bss           0x33fb4148      0x208 drivers/nand/libnand.a(nand.o)
                0x33fb4148                nand_info
 .bss           0x33fb4350     0x1008 drivers/usb/libusb.a(usbmain.o)
                0x33fb4350                dbgStrWrPt
                0x33fb4354                dbgStrRdPt
                0x33fb4358                dbgStrFifo
 .bss           0x33fb5358       0x61 drivers/usb/libusb.a(usbout.o)
                0x33fb5358                ep3Buf
 *fill*         0x33fb53b9        0x3 00
 .bss           0x33fb53bc       0x68 drivers/usb/libusb.a(usbsetup.o)
                0x33fb53e8                descConf
                0x33fb53cc                descSetup
                0x33fb53c0                ep0SubState
                0x33fb53ca                endpoint3_status
                0x33fb5400                descEndpt0
                0x33fb53c5                AlterSetting
                0x33fb5414                InterfaceGet
                0x33fb53c7                interface_status
                0x33fb53f4                descIf
                0x33fb53d4                descDev
                0x33fb53c9                endpoint1_status
                0x33fb53bc                ep0State
                0x33fb53c4                Rwuen
                0x33fb5418                StatusGet
                0x33fb53c6                device_status
                0x33fb53c8                endpoint0_status
                0x33fb5408                descEndpt1
                0x33fb5410                ConfigSet
 .bss           0x33fb5424       0x5c drivers/usb/libusb.a(usbinit.o)
                0x33fb544c                downPt
                0x33fb5444                downloadAddress
                0x33fb5434                usbdevregs
                0x33fb5458                totalDmaCount
                0x33fb5428                download_run
                0x33fb5460                tempDownloadAddress
                0x33fb5430                restart
                0x33fb5440                gpioregs
                0x33fb547c                consoleNum
                0x33fb5438                dmaregs
                0x33fb545c                isUsbdSetConfiguration
                0x33fb542c                err
                0x33fb5454                checkSum
                0x33fb5450                downloadFileSize
                0x33fb5448                run
                0x33fb5478                dwUSBBufSize
                0x33fb5468                dwUSBBufWritePtr
                0x33fb543c                clk_powerregs
                0x33fb546c                dwWillDMACnt
                0x33fb5464                dwUSBBufReadPtr
                0x33fb5474                dwUSBBufBase
                0x33fb5470                bDMAPending
                0x33fb5424                menuUsed
 .bss           0x33fb5480       0x24 drivers/usb/libusb.a(usbin.o)
                0x33fb5480                transferIndex
                0x33fb5484                ep1Buf
 .bss           0x33fb54a4      0x200 common/libcommon.a(main.o)
                0x33fb54a4                console_buffer
 .bss           0x33fb56a4       0x40 common/libcommon.a(cmd_bootm.o)
                0x33fb56a4                header
 .bss           0x33fb56e4      0x2ac common/libcommon.a(cmd_jffs2.o)
                0x33fb56e4                mtdids
                0x33fb56ec                devices
 .bss           0x33fb5990       0x88 common/libcommon.a(cmd_load.o)
                0x33fb59b4                his_eol
                0x33fb59c0                os_data_init
                0x33fb5990                os_data_count
                0x33fb59bc                his_pad_char
                0x33fb59dc                send_ptr
                0x33fb59bd                his_quote
                0x33fb59c8                send_parms
                0x33fb59c4                os_data_char
                0x33fb59b8                his_pad_count
                0x33fb5994                os_data_header
 .bss           0x33fb5a18       0x14 common/libcommon.a(cmd_mem.o)
                0x33fb5a1c                dp_last_size
                0x33fb5a24                mm_last_size
                0x33fb5a20                mm_last_addr
                0x33fb5a18                dp_last_addr
 .bss           0x33fb5a2c        0x4 common/libcommon.a(cmd_usbslave.o)
                0x33fb5a2c                g_dwDownloadLen
 .bss           0x33fb5a30        0x8 common/libcommon.a(console.o)
 .bss           0x33fb5a38       0x10 common/libcommon.a(devices.o)
                0x33fb5a38                stdio_devices
                0x33fb5a44                devlist
 .bss           0x33fb5a48       0x3c common/libcommon.a(dlmalloc.o)
 .bss           0x33fb5a84        0x4 common/libcommon.a(env_nand.o)
                0x33fb5a84                env_ptr
 .bss           0x33fb5a88      0x43c common/libcommon.a(xyzModem.o)
 .bss           0x33fb5ec4        0x4 lib_generic/libgeneric.a(string.o)
                0x33fb5ec4                ___strtok
 .bss           0x33fb5ec8     0x10a8 lib_generic/libgeneric.a(zlib.o)
 .bss           0x33fb6f70        0x4 lib_arm/libarm.a(armlinux.o)
 .bss           0x33fb6f74       0x4c fs/cramfs/libcramfs.a(cramfs.o)
                0x33fb6f74                super
 .bss           0x33fb6fc0       0x34 fs/cramfs/libcramfs.a(uncompress.o)
 .bss           0x33fb6ff4        0x8 fs/jffs2/libjffs2.a(jffs2_1pass.o)
 .bss           0x33fb6ffc      0x908 drivers/nand/libnand.a(nand_util.o)

.rel.dyn
                0x33fb7904                _end = .
Address of section .text set to 0x33f80000
LOAD cpu/arm920t/start.o
START GROUP
LOAD lib_generic/libgeneric.a
LOAD board/100ask24x0/lib100ask24x0.a
LOAD cpu/arm920t/libarm920t.a
LOAD cpu/arm920t/s3c24x0/libs3c24x0.a
LOAD lib_arm/libarm.a
LOAD fs/cramfs/libcramfs.a
LOAD fs/fat/libfat.a
LOAD fs/fdos/libfdos.a
LOAD fs/jffs2/libjffs2.a
LOAD fs/reiserfs/libreiserfs.a
LOAD fs/ext2/libext2fs.a
LOAD net/libnet.a
LOAD disk/libdisk.a
LOAD rtc/librtc.a
LOAD dtt/libdtt.a
LOAD drivers/libdrivers.a
LOAD drivers/nand/libnand.a
LOAD drivers/nand_legacy/libnand_legacy.a
LOAD drivers/usb/libusb.a
LOAD drivers/sk98lin/libsk98lin.a
LOAD common/libcommon.a
END GROUP
LOAD /work/tools/gcc-3.4.5-glibc-2.3.6/lib/gcc/arm-linux/3.4.5/libgcc.a
OUTPUT(u-boot elf32-littlearm)

.debug_line     0x00000000     0xa2bf
 .debug_line    0x00000000       0xd5 cpu/arm920t/start.o
 .debug_line    0x000000d5      0x194 board/100ask24x0/boot_init.o
 .debug_line    0x00000269       0x46 board/100ask24x0/lib100ask24x0.a(lowlevel_init.o)
 .debug_line    0x000002af       0xb6 cpu/arm920t/libarm920t.a(interrupts.o)
 .debug_line    0x00000365      0x1a2 cpu/arm920t/s3c24x0/libs3c24x0.a(interrupts.o)
 .debug_line    0x00000507      0x160 cpu/arm920t/s3c24x0/libs3c24x0.a(speed.o)
 .debug_line    0x00000667       0x5c lib_arm/libarm.a(_udivsi3.o)
 .debug_line    0x000006c3      0x191 lib_arm/libarm.a(board.o)
 .debug_line    0x00000854       0x33 lib_arm/libarm.a(div0.o)
 .debug_line    0x00000887      0x6ad net/libnet.a(net.o)
 .debug_line    0x00000f34      0x25e net/libnet.a(tftp.o)
 .debug_line    0x00001192      0x2a1 net/libnet.a(bootp.o)
 .debug_line    0x00001433       0xe0 net/libnet.a(rarp.o)
 .debug_line    0x00001513       0xa1 net/libnet.a(eth.o)
 .debug_line    0x000015b4      0x47a net/libnet.a(nfs.o)
 .debug_line    0x00001a2e      0x6ac drivers/libdrivers.a(cfi_flash.o)
 .debug_line    0x000020da      0x153 drivers/libdrivers.a(jedec_flash.o)
 .debug_line    0x0000222d      0x292 drivers/libdrivers.a(dm9000x.o)
 .debug_line    0x000024bf      0x152 drivers/nand/libnand.a(nand.o)
 .debug_line    0x00002611      0x821 drivers/nand/libnand.a(nand_base.o)
 .debug_line    0x00002e32       0x62 drivers/nand/libnand.a(nand_ids.o)
 .debug_line    0x00002e94      0x19a drivers/nand/libnand.a(nand_ecc.o)
 .debug_line    0x0000302e      0x457 drivers/nand/libnand.a(nand_bbt.o)
 .debug_line    0x00003485       0x96 drivers/usb/libusb.a(usbmain.o)
 .debug_line    0x0000351b       0xef drivers/usb/libusb.a(usbout.o)
 .debug_line    0x0000360a      0x1ee drivers/usb/libusb.a(usbsetup.o)
 .debug_line    0x000037f8      0x224 drivers/usb/libusb.a(usbinit.o)
 .debug_line    0x00003a1c       0x85 drivers/usb/libusb.a(usbin.o)
 .debug_line    0x00003aa1       0xe7 drivers/usb/libusb.a(usblib.o)
 .debug_line    0x00003b88      0x266 common/libcommon.a(main.o)
 .debug_line    0x00003dee      0x1ce common/libcommon.a(cmd_autoscript.o)
 .debug_line    0x00003fbc      0x101 common/libcommon.a(cmd_bdinfo.o)
 .debug_line    0x000040bd       0xbb common/libcommon.a(cmd_boot.o)
 .debug_line    0x00004178      0x4cd common/libcommon.a(cmd_bootm.o)
 .debug_line    0x00004645       0x9f common/libcommon.a(cmd_cache.o)
 .debug_line    0x000046e4       0x9a common/libcommon.a(cmd_console.o)
 .debug_line    0x0000477e      0x142 common/libcommon.a(cmd_date.o)
 .debug_line    0x000048c0      0x18a common/libcommon.a(cmd_elf.o)
 .debug_line    0x00004a4a      0x2df common/libcommon.a(cmd_flash.o)
 .debug_line    0x00004d29      0x100 common/libcommon.a(cmd_itest.o)
 .debug_line    0x00004e29      0x913 common/libcommon.a(cmd_jffs2.o)
 .debug_line    0x0000573c      0x3c0 common/libcommon.a(cmd_load.o)
 .debug_line    0x00005afc      0x284 common/libcommon.a(cmd_mem.o)
 .debug_line    0x00005d80       0xb4 common/libcommon.a(cmd_misc.o)
 .debug_line    0x00005e34      0x404 common/libcommon.a(cmd_nand.o)
 .debug_line    0x00006238      0x123 common/libcommon.a(cmd_net.o)
 .debug_line    0x0000635b      0x27b common/libcommon.a(cmd_nvedit.o)
 .debug_line    0x000065d6      0x133 common/libcommon.a(cmd_usbslave.o)
 .debug_line    0x00006709      0x1c9 common/libcommon.a(cmd_menu.o)
 .debug_line    0x000068d2      0x104 common/libcommon.a(command.o)
 .debug_line    0x000069d6      0x22e common/libcommon.a(console.o)
 .debug_line    0x00006c04      0x126 common/libcommon.a(devices.o)
 .debug_line    0x00006d2a      0x37c common/libcommon.a(dlmalloc.o)
 .debug_line    0x000070a6      0x125 common/libcommon.a(env_common.o)
 .debug_line    0x000071cb      0x1f2 common/libcommon.a(env_nand.o)
 .debug_line    0x000073bd       0xc1 common/libcommon.a(exports.o)
 .debug_line    0x0000747e      0x12f common/libcommon.a(flash.o)
 .debug_line    0x000075ad       0xf8 common/libcommon.a(lists.o)
 .debug_line    0x000076a5       0xfa common/libcommon.a(s_record.o)
 .debug_line    0x0000779f      0x21b common/libcommon.a(xyzModem.o)
 .debug_line    0x000079ba       0xa9 common/libcommon.a(crc16.o)
 .debug_line    0x00007a63       0x8b lib_generic/libgeneric.a(crc32.o)
 .debug_line    0x00007aee       0x25 lib_generic/libgeneric.a(ctype.o)
 .debug_line    0x00007b13       0x92 lib_generic/libgeneric.a(display_options.o)
 .debug_line    0x00007ba5      0x1a0 lib_generic/libgeneric.a(string.o)
 .debug_line    0x00007d45      0x1c7 lib_generic/libgeneric.a(vsprintf.o)
 .debug_line    0x00007f0c      0x5c6 lib_generic/libgeneric.a(zlib.o)
 .debug_line    0x000084d2      0x149 board/100ask24x0/lib100ask24x0.a(100ask24x0.o)
 .debug_line    0x0000861b      0x12a cpu/arm920t/libarm920t.a(cpu.o)
 .debug_line    0x00008745      0x136 cpu/arm920t/s3c24x0/libs3c24x0.a(serial.o)
 .debug_line    0x0000887b      0x1ce cpu/arm920t/s3c24x0/libs3c24x0.a(nand_flash.o)
 .debug_line    0x00008a49       0x3d lib_arm/libarm.a(_ashldi3.o)
 .debug_line    0x00008a86       0x3d lib_arm/libarm.a(_ashrdi3.o)
 .debug_line    0x00008ac3       0x63 lib_arm/libarm.a(_divsi3.o)
 .debug_line    0x00008b26       0x51 lib_arm/libarm.a(_modsi3.o)
 .debug_line    0x00008b77       0x63 lib_arm/libarm.a(_umodsi3.o)
 .debug_line    0x00008bda      0x224 lib_arm/libarm.a(armlinux.o)
 .debug_line    0x00008dfe       0x34 lib_arm/libarm.a(cache.o)
 .debug_line    0x00008e32      0x238 fs/cramfs/libcramfs.a(cramfs.o)
 .debug_line    0x0000906a       0x95 fs/cramfs/libcramfs.a(uncompress.o)
 .debug_line    0x000090ff      0x6ad fs/jffs2/libjffs2.a(jffs2_1pass.o)
 .debug_line    0x000097ac       0x90 fs/jffs2/libjffs2.a(compr_rtime.o)
 .debug_line    0x0000983c       0xbb fs/jffs2/libjffs2.a(compr_rubin.o)
 .debug_line    0x000098f7       0x6f fs/jffs2/libjffs2.a(compr_zlib.o)
 .debug_line    0x00009966      0x3b4 fs/jffs2/libjffs2.a(mini_inflate.o)
 .debug_line    0x00009d1a       0xb7 rtc/librtc.a(date.o)
 .debug_line    0x00009dd1      0x128 rtc/librtc.a(s3c24x0_rtc.o)
 .debug_line    0x00009ef9      0x392 drivers/nand/libnand.a(nand_util.o)
 .debug_line    0x0000a28b       0x1a /work/tools/gcc-3.4.5-glibc-2.3.6/lib/gcc/arm-linux/3.4.5/libgcc.a(_udivdi3.oS)
 .debug_line    0x0000a2a5       0x1a /work/tools/gcc-3.4.5-glibc-2.3.6/lib/gcc/arm-linux/3.4.5/libgcc.a(_clz.oS)

.debug_info     0x00000000    0x2a87a
 .debug_info    0x00000000       0x58 cpu/arm920t/start.o
 .debug_info    0x00000058      0x92b board/100ask24x0/boot_init.o
 .debug_info    0x00000983       0x65 board/100ask24x0/lib100ask24x0.a(lowlevel_init.o)
 .debug_info    0x000009e8      0x273 cpu/arm920t/libarm920t.a(interrupts.o)
 .debug_info    0x00000c5b      0x9be cpu/arm920t/s3c24x0/libs3c24x0.a(interrupts.o)
 .debug_info    0x00001619      0x3ec cpu/arm920t/s3c24x0/libs3c24x0.a(speed.o)
 .debug_info    0x00001a05       0x57 lib_arm/libarm.a(_udivsi3.o)
 .debug_info    0x00001a5c      0x51c lib_arm/libarm.a(board.o)
 .debug_info    0x00001f78       0x44 lib_arm/libarm.a(div0.o)
 .debug_info    0x00001fbc     0x168e net/libnet.a(net.o)
 .debug_info    0x0000364a      0x41a net/libnet.a(tftp.o)
 .debug_info    0x00003a64      0x8c2 net/libnet.a(bootp.o)
 .debug_info    0x00004326      0x245 net/libnet.a(rarp.o)
 .debug_info    0x0000456b      0x17d net/libnet.a(eth.o)
 .debug_info    0x000046e8      0xe3a net/libnet.a(nfs.o)
 .debug_info    0x00005522     0x1b96 drivers/libdrivers.a(cfi_flash.o)
 .debug_info    0x000070b8      0x590 drivers/libdrivers.a(jedec_flash.o)
 .debug_info    0x00007648      0xa2c drivers/libdrivers.a(dm9000x.o)
 .debug_info    0x00008074      0xc63 drivers/nand/libnand.a(nand.o)
 .debug_info    0x00008cd7     0x2342 drivers/nand/libnand.a(nand_base.o)
 .debug_info    0x0000b019      0x156 drivers/nand/libnand.a(nand_ids.o)
 .debug_info    0x0000b16f      0x7e4 drivers/nand/libnand.a(nand_ecc.o)
 .debug_info    0x0000b953     0x1794 drivers/nand/libnand.a(nand_bbt.o)
 .debug_info    0x0000d0e7      0x611 drivers/usb/libusb.a(usbmain.o)
 .debug_info    0x0000d6f8      0x769 drivers/usb/libusb.a(usbout.o)
 .debug_info    0x0000de61      0xb09 drivers/usb/libusb.a(usbsetup.o)
 .debug_info    0x0000e96a      0xe70 drivers/usb/libusb.a(usbinit.o)
 .debug_info    0x0000f7da      0x5e2 drivers/usb/libusb.a(usbin.o)
 .debug_info    0x0000fdbc      0x882 drivers/usb/libusb.a(usblib.o)
 .debug_info    0x0001063e      0x653 common/libcommon.a(main.o)
 .debug_info    0x00010c91      0x3fc common/libcommon.a(cmd_autoscript.o)
 .debug_info    0x0001108d      0x368 common/libcommon.a(cmd_bdinfo.o)
 .debug_info    0x000113f5      0x1c8 common/libcommon.a(cmd_boot.o)
 .debug_info    0x000115bd     0x1490 common/libcommon.a(cmd_bootm.o)
 .debug_info    0x00012a4d      0x218 common/libcommon.a(cmd_cache.o)
 .debug_info    0x00012c65      0x37d common/libcommon.a(cmd_console.o)
 .debug_info    0x00012fe2      0x4fb common/libcommon.a(cmd_date.o)
 .debug_info    0x000134dd      0x506 common/libcommon.a(cmd_elf.o)
 .debug_info    0x000139e3      0xae7 common/libcommon.a(cmd_flash.o)
 .debug_info    0x000144ca      0x42a common/libcommon.a(cmd_itest.o)
 .debug_info    0x000148f4     0x213c common/libcommon.a(cmd_jffs2.o)
 .debug_info    0x00016a30      0xe3d common/libcommon.a(cmd_load.o)
 .debug_info    0x0001786d      0xa16 common/libcommon.a(cmd_mem.o)
 .debug_info    0x00018283      0x1aa common/libcommon.a(cmd_misc.o)
 .debug_info    0x0001842d     0x1861 common/libcommon.a(cmd_nand.o)
 .debug_info    0x00019c8e      0x533 common/libcommon.a(cmd_net.o)
 .debug_info    0x0001a1c1      0x827 common/libcommon.a(cmd_nvedit.o)
 .debug_info    0x0001a9e8      0x254 common/libcommon.a(cmd_usbslave.o)
 .debug_info    0x0001ac3c      0x936 common/libcommon.a(cmd_menu.o)
 .debug_info    0x0001b572      0x3f4 common/libcommon.a(command.o)
 .debug_info    0x0001b966      0x855 common/libcommon.a(console.o)
 .debug_info    0x0001c1bb      0x485 common/libcommon.a(devices.o)
 .debug_info    0x0001c640      0xb59 common/libcommon.a(dlmalloc.o)
 .debug_info    0x0001d199      0x378 common/libcommon.a(env_common.o)
 .debug_info    0x0001d511      0xa33 common/libcommon.a(env_nand.o)
 .debug_info    0x0001df44      0x255 common/libcommon.a(exports.o)
 .debug_info    0x0001e199      0x420 common/libcommon.a(flash.o)
 .debug_info    0x0001e5b9      0x4df common/libcommon.a(lists.o)
 .debug_info    0x0001ea98      0x17a common/libcommon.a(s_record.o)
 .debug_info    0x0001ec12      0x625 common/libcommon.a(xyzModem.o)
 .debug_info    0x0001f237      0x10f common/libcommon.a(crc16.o)
 .debug_info    0x0001f346      0x16d lib_generic/libgeneric.a(crc32.o)
 .debug_info    0x0001f4b3       0x56 lib_generic/libgeneric.a(ctype.o)
 .debug_info    0x0001f509      0x11c lib_generic/libgeneric.a(display_options.o)
 .debug_info    0x0001f625      0x828 lib_generic/libgeneric.a(string.o)
 .debug_info    0x0001fe4d      0x401 lib_generic/libgeneric.a(vsprintf.o)
 .debug_info    0x0002024e     0x16ca lib_generic/libgeneric.a(zlib.o)
 .debug_info    0x00021918      0x853 board/100ask24x0/lib100ask24x0.a(100ask24x0.o)
 .debug_info    0x0002216b      0x4b5 cpu/arm920t/libarm920t.a(cpu.o)
 .debug_info    0x00022620      0x47f cpu/arm920t/s3c24x0/libs3c24x0.a(serial.o)
 .debug_info    0x00022a9f     0x10b1 cpu/arm920t/s3c24x0/libs3c24x0.a(nand_flash.o)
 .debug_info    0x00023b50       0x57 lib_arm/libarm.a(_ashldi3.o)
 .debug_info    0x00023ba7       0x57 lib_arm/libarm.a(_ashrdi3.o)
 .debug_info    0x00023bfe       0x56 lib_arm/libarm.a(_divsi3.o)
 .debug_info    0x00023c54       0x56 lib_arm/libarm.a(_modsi3.o)
 .debug_info    0x00023caa       0x57 lib_arm/libarm.a(_umodsi3.o)
 .debug_info    0x00023d01      0xad7 lib_arm/libarm.a(armlinux.o)
 .debug_info    0x000247d8       0xa8 lib_arm/libarm.a(cache.o)
 .debug_info    0x00024880      0x89c fs/cramfs/libcramfs.a(cramfs.o)
 .debug_info    0x0002511c      0x35c fs/cramfs/libcramfs.a(uncompress.o)
 .debug_info    0x00025478     0x2730 fs/jffs2/libjffs2.a(jffs2_1pass.o)
 .debug_info    0x00027ba8      0x140 fs/jffs2/libjffs2.a(compr_rtime.o)
 .debug_info    0x00027ce8      0x1e8 fs/jffs2/libjffs2.a(compr_rubin.o)
 .debug_info    0x00027ed0       0xd7 fs/jffs2/libjffs2.a(compr_zlib.o)
 .debug_info    0x00027fa7      0xc25 fs/jffs2/libjffs2.a(mini_inflate.o)
 .debug_info    0x00028bcc      0x253 rtc/librtc.a(date.o)
 .debug_info    0x00028e1f      0x6ac rtc/librtc.a(s3c24x0_rtc.o)
 .debug_info    0x000294cb     0x13af drivers/nand/libnand.a(nand_util.o)

.debug_abbrev   0x00000000     0x81de
 .debug_abbrev  0x00000000       0x14 cpu/arm920t/start.o
 .debug_abbrev  0x00000014      0x259 board/100ask24x0/boot_init.o
 .debug_abbrev  0x0000026d       0x14 board/100ask24x0/lib100ask24x0.a(lowlevel_init.o)
 .debug_abbrev  0x00000281       0xf1 cpu/arm920t/libarm920t.a(interrupts.o)
 .debug_abbrev  0x00000372      0x265 cpu/arm920t/s3c24x0/libs3c24x0.a(interrupts.o)
 .debug_abbrev  0x000005d7      0x147 cpu/arm920t/s3c24x0/libs3c24x0.a(speed.o)
 .debug_abbrev  0x0000071e       0x14 lib_arm/libarm.a(_udivsi3.o)
 .debug_abbrev  0x00000732      0x230 lib_arm/libarm.a(board.o)
 .debug_abbrev  0x00000962       0x3a lib_arm/libarm.a(div0.o)
 .debug_abbrev  0x0000099c      0x2fc net/libnet.a(net.o)
 .debug_abbrev  0x00000c98      0x19e net/libnet.a(tftp.o)
 .debug_abbrev  0x00000e36      0x261 net/libnet.a(bootp.o)
 .debug_abbrev  0x00001097      0x108 net/libnet.a(rarp.o)
 .debug_abbrev  0x0000119f       0xac net/libnet.a(eth.o)
 .debug_abbrev  0x0000124b      0x2e3 net/libnet.a(nfs.o)
 .debug_abbrev  0x0000152e      0x2de drivers/libdrivers.a(cfi_flash.o)
 .debug_abbrev  0x0000180c      0x198 drivers/libdrivers.a(jedec_flash.o)
 .debug_abbrev  0x000019a4      0x27d drivers/libdrivers.a(dm9000x.o)
 .debug_abbrev  0x00001c21      0x17d drivers/nand/libnand.a(nand.o)
 .debug_abbrev  0x00001d9e      0x32a drivers/nand/libnand.a(nand_base.o)
 .debug_abbrev  0x000020c8       0x83 drivers/nand/libnand.a(nand_ids.o)
 .debug_abbrev  0x0000214b      0x171 drivers/nand/libnand.a(nand_ecc.o)
 .debug_abbrev  0x000022bc      0x2b1 drivers/nand/libnand.a(nand_bbt.o)
 .debug_abbrev  0x0000256d      0x159 drivers/usb/libusb.a(usbmain.o)
 .debug_abbrev  0x000026c6      0x167 drivers/usb/libusb.a(usbout.o)
 .debug_abbrev  0x0000282d      0x17e drivers/usb/libusb.a(usbsetup.o)
 .debug_abbrev  0x000029ab      0x24b drivers/usb/libusb.a(usbinit.o)
 .debug_abbrev  0x00002bf6      0x183 drivers/usb/libusb.a(usbin.o)
 .debug_abbrev  0x00002d79      0x140 drivers/usb/libusb.a(usblib.o)
 .debug_abbrev  0x00002eb9      0x239 common/libcommon.a(main.o)
 .debug_abbrev  0x000030f2      0x141 common/libcommon.a(cmd_autoscript.o)
 .debug_abbrev  0x00003233      0x119 common/libcommon.a(cmd_bdinfo.o)
 .debug_abbrev  0x0000334c       0xd6 common/libcommon.a(cmd_boot.o)
 .debug_abbrev  0x00003422      0x2df common/libcommon.a(cmd_bootm.o)
 .debug_abbrev  0x00003701       0xe5 common/libcommon.a(cmd_cache.o)
 .debug_abbrev  0x000037e6      0x134 common/libcommon.a(cmd_console.o)
 .debug_abbrev  0x0000391a      0x15a common/libcommon.a(cmd_date.o)
 .debug_abbrev  0x00003a74      0x178 common/libcommon.a(cmd_elf.o)
 .debug_abbrev  0x00003bec      0x1c8 common/libcommon.a(cmd_flash.o)
 .debug_abbrev  0x00003db4      0x17f common/libcommon.a(cmd_itest.o)
 .debug_abbrev  0x00003f33      0x342 common/libcommon.a(cmd_jffs2.o)
 .debug_abbrev  0x00004275      0x30a common/libcommon.a(cmd_load.o)
 .debug_abbrev  0x0000457f      0x1c0 common/libcommon.a(cmd_mem.o)
 .debug_abbrev  0x0000473f       0xc7 common/libcommon.a(cmd_misc.o)
 .debug_abbrev  0x00004806      0x2d3 common/libcommon.a(cmd_nand.o)
 .debug_abbrev  0x00004ad9      0x17b common/libcommon.a(cmd_net.o)
 .debug_abbrev  0x00004c54      0x22e common/libcommon.a(cmd_nvedit.o)
 .debug_abbrev  0x00004e82      0x10b common/libcommon.a(cmd_usbslave.o)
 .debug_abbrev  0x00004f8d      0x209 common/libcommon.a(cmd_menu.o)
 .debug_abbrev  0x00005196      0x18b common/libcommon.a(command.o)
 .debug_abbrev  0x00005321      0x23a common/libcommon.a(console.o)
 .debug_abbrev  0x0000555b      0x15b common/libcommon.a(devices.o)
 .debug_abbrev  0x000056b6      0x1d6 common/libcommon.a(dlmalloc.o)
 .debug_abbrev  0x0000588c      0x149 common/libcommon.a(env_common.o)
 .debug_abbrev  0x000059d5      0x22a common/libcommon.a(env_nand.o)
 .debug_abbrev  0x00005bff       0xf3 common/libcommon.a(exports.o)
 .debug_abbrev  0x00005cf2      0x11d common/libcommon.a(flash.o)
 .debug_abbrev  0x00005e0f      0x18e common/libcommon.a(lists.o)
 .debug_abbrev  0x00005f9d       0xac common/libcommon.a(s_record.o)
 .debug_abbrev  0x00006049      0x214 common/libcommon.a(xyzModem.o)
 .debug_abbrev  0x0000625d       0x9f common/libcommon.a(crc16.o)
 .debug_abbrev  0x000062fc       0x90 lib_generic/libgeneric.a(crc32.o)
 .debug_abbrev  0x0000638c       0x42 lib_generic/libgeneric.a(ctype.o)
 .debug_abbrev  0x000063ce       0xc1 lib_generic/libgeneric.a(display_options.o)
 .debug_abbrev  0x0000648f      0x136 lib_generic/libgeneric.a(string.o)
 .debug_abbrev  0x000065c5      0x1ad lib_generic/libgeneric.a(vsprintf.o)
 .debug_abbrev  0x00006772      0x271 lib_generic/libgeneric.a(zlib.o)
 .debug_abbrev  0x000069e3      0x160 board/100ask24x0/lib100ask24x0.a(100ask24x0.o)
 .debug_abbrev  0x00006b43      0x164 cpu/arm920t/libarm920t.a(cpu.o)
 .debug_abbrev  0x00006ca7      0x17c cpu/arm920t/s3c24x0/libs3c24x0.a(serial.o)
 .debug_abbrev  0x00006e23      0x1ef cpu/arm920t/s3c24x0/libs3c24x0.a(nand_flash.o)
 .debug_abbrev  0x00007012       0x14 lib_arm/libarm.a(_ashldi3.o)
 .debug_abbrev  0x00007026       0x14 lib_arm/libarm.a(_ashrdi3.o)
 .debug_abbrev  0x0000703a       0x14 lib_arm/libarm.a(_divsi3.o)
 .debug_abbrev  0x0000704e       0x14 lib_arm/libarm.a(_modsi3.o)
 .debug_abbrev  0x00007062       0x14 lib_arm/libarm.a(_umodsi3.o)
 .debug_abbrev  0x00007076      0x238 lib_arm/libarm.a(armlinux.o)
 .debug_abbrev  0x000072ae       0x4e lib_arm/libarm.a(cache.o)
 .debug_abbrev  0x000072fc      0x1bc fs/cramfs/libcramfs.a(cramfs.o)
 .debug_abbrev  0x000074b8      0x150 fs/cramfs/libcramfs.a(uncompress.o)
 .debug_abbrev  0x00007608      0x31a fs/jffs2/libjffs2.a(jffs2_1pass.o)
 .debug_abbrev  0x00007922       0x9d fs/jffs2/libjffs2.a(compr_rtime.o)
 .debug_abbrev  0x000079bf       0xc4 fs/jffs2/libjffs2.a(compr_rubin.o)
 .debug_abbrev  0x00007a83       0x66 fs/jffs2/libjffs2.a(compr_zlib.o)
 .debug_abbrev  0x00007ae9      0x253 fs/jffs2/libjffs2.a(mini_inflate.o)
 .debug_abbrev  0x00007d3c       0xdc rtc/librtc.a(date.o)
 .debug_abbrev  0x00007e18      0x1c0 rtc/librtc.a(s3c24x0_rtc.o)
 .debug_abbrev  0x00007fd8      0x206 drivers/nand/libnand.a(nand_util.o)

.debug_aranges  0x00000000      0xac0
 .debug_aranges
                0x00000000       0x20 cpu/arm920t/start.o
 .debug_aranges
                0x00000020       0x20 board/100ask24x0/boot_init.o
 .debug_aranges
                0x00000040       0x20 board/100ask24x0/lib100ask24x0.a(lowlevel_init.o)
 .debug_aranges
                0x00000060       0x20 cpu/arm920t/libarm920t.a(interrupts.o)
 .debug_aranges
                0x00000080       0x20 cpu/arm920t/s3c24x0/libs3c24x0.a(interrupts.o)
 .debug_aranges
                0x000000a0       0x20 cpu/arm920t/s3c24x0/libs3c24x0.a(speed.o)
 .debug_aranges
                0x000000c0       0x20 lib_arm/libarm.a(_udivsi3.o)
 .debug_aranges
                0x000000e0       0x20 lib_arm/libarm.a(board.o)
 .debug_aranges
                0x00000100       0x20 lib_arm/libarm.a(div0.o)
 .debug_aranges
                0x00000120       0x20 net/libnet.a(net.o)
 .debug_aranges
                0x00000140       0x20 net/libnet.a(tftp.o)
 .debug_aranges
                0x00000160       0x20 net/libnet.a(bootp.o)
 .debug_aranges
                0x00000180       0x20 net/libnet.a(rarp.o)
 .debug_aranges
                0x000001a0       0x20 net/libnet.a(eth.o)
 .debug_aranges
                0x000001c0       0x20 net/libnet.a(nfs.o)
 .debug_aranges
                0x000001e0       0x20 drivers/libdrivers.a(cfi_flash.o)
 .debug_aranges
                0x00000200       0x20 drivers/libdrivers.a(jedec_flash.o)
 .debug_aranges
                0x00000220       0x20 drivers/libdrivers.a(dm9000x.o)
 .debug_aranges
                0x00000240       0x20 drivers/nand/libnand.a(nand.o)
 .debug_aranges
                0x00000260       0x20 drivers/nand/libnand.a(nand_base.o)
 .debug_aranges
                0x00000280       0x20 drivers/nand/libnand.a(nand_ecc.o)
 .debug_aranges
                0x000002a0       0x20 drivers/nand/libnand.a(nand_bbt.o)
 .debug_aranges
                0x000002c0       0x20 drivers/usb/libusb.a(usbmain.o)
 .debug_aranges
                0x000002e0       0x20 drivers/usb/libusb.a(usbout.o)
 .debug_aranges
                0x00000300       0x20 drivers/usb/libusb.a(usbsetup.o)
 .debug_aranges
                0x00000320       0x20 drivers/usb/libusb.a(usbinit.o)
 .debug_aranges
                0x00000340       0x20 drivers/usb/libusb.a(usbin.o)
 .debug_aranges
                0x00000360       0x20 drivers/usb/libusb.a(usblib.o)
 .debug_aranges
                0x00000380       0x20 common/libcommon.a(main.o)
 .debug_aranges
                0x000003a0       0x20 common/libcommon.a(cmd_autoscript.o)
 .debug_aranges
                0x000003c0       0x20 common/libcommon.a(cmd_bdinfo.o)
 .debug_aranges
                0x000003e0       0x20 common/libcommon.a(cmd_boot.o)
 .debug_aranges
                0x00000400       0x20 common/libcommon.a(cmd_bootm.o)
 .debug_aranges
                0x00000420       0x20 common/libcommon.a(cmd_cache.o)
 .debug_aranges
                0x00000440       0x20 common/libcommon.a(cmd_console.o)
 .debug_aranges
                0x00000460       0x20 common/libcommon.a(cmd_date.o)
 .debug_aranges
                0x00000480       0x20 common/libcommon.a(cmd_elf.o)
 .debug_aranges
                0x000004a0       0x20 common/libcommon.a(cmd_flash.o)
 .debug_aranges
                0x000004c0       0x20 common/libcommon.a(cmd_itest.o)
 .debug_aranges
                0x000004e0       0x20 common/libcommon.a(cmd_jffs2.o)
 .debug_aranges
                0x00000500       0x20 common/libcommon.a(cmd_load.o)
 .debug_aranges
                0x00000520       0x20 common/libcommon.a(cmd_mem.o)
 .debug_aranges
                0x00000540       0x20 common/libcommon.a(cmd_misc.o)
 .debug_aranges
                0x00000560       0x20 common/libcommon.a(cmd_nand.o)
 .debug_aranges
                0x00000580       0x20 common/libcommon.a(cmd_net.o)
 .debug_aranges
                0x000005a0       0x20 common/libcommon.a(cmd_nvedit.o)
 .debug_aranges
                0x000005c0       0x20 common/libcommon.a(cmd_usbslave.o)
 .debug_aranges
                0x000005e0       0x20 common/libcommon.a(cmd_menu.o)
 .debug_aranges
                0x00000600       0x20 common/libcommon.a(command.o)
 .debug_aranges
                0x00000620       0x20 common/libcommon.a(console.o)
 .debug_aranges
                0x00000640       0x20 common/libcommon.a(devices.o)
 .debug_aranges
                0x00000660       0x20 common/libcommon.a(dlmalloc.o)
 .debug_aranges
                0x00000680       0x20 common/libcommon.a(env_common.o)
 .debug_aranges
                0x000006a0       0x20 common/libcommon.a(env_nand.o)
 .debug_aranges
                0x000006c0       0x20 common/libcommon.a(exports.o)
 .debug_aranges
                0x000006e0       0x20 common/libcommon.a(flash.o)
 .debug_aranges
                0x00000700       0x20 common/libcommon.a(lists.o)
 .debug_aranges
                0x00000720       0x20 common/libcommon.a(s_record.o)
 .debug_aranges
                0x00000740       0x20 common/libcommon.a(xyzModem.o)
 .debug_aranges
                0x00000760       0x20 common/libcommon.a(crc16.o)
 .debug_aranges
                0x00000780       0x20 lib_generic/libgeneric.a(crc32.o)
 .debug_aranges
                0x000007a0       0x20 lib_generic/libgeneric.a(display_options.o)
 .debug_aranges
                0x000007c0       0x20 lib_generic/libgeneric.a(string.o)
 .debug_aranges
                0x000007e0       0x20 lib_generic/libgeneric.a(vsprintf.o)
 .debug_aranges
                0x00000800       0x20 lib_generic/libgeneric.a(zlib.o)
 .debug_aranges
                0x00000820       0x20 board/100ask24x0/lib100ask24x0.a(100ask24x0.o)
 .debug_aranges
                0x00000840       0x20 cpu/arm920t/libarm920t.a(cpu.o)
 .debug_aranges
                0x00000860       0x20 cpu/arm920t/s3c24x0/libs3c24x0.a(serial.o)
 .debug_aranges
                0x00000880       0x20 cpu/arm920t/s3c24x0/libs3c24x0.a(nand_flash.o)
 .debug_aranges
                0x000008a0       0x20 lib_arm/libarm.a(_ashldi3.o)
 .debug_aranges
                0x000008c0       0x20 lib_arm/libarm.a(_ashrdi3.o)
 .debug_aranges
                0x000008e0       0x20 lib_arm/libarm.a(_divsi3.o)
 .debug_aranges
                0x00000900       0x20 lib_arm/libarm.a(_modsi3.o)
 .debug_aranges
                0x00000920       0x20 lib_arm/libarm.a(_umodsi3.o)
 .debug_aranges
                0x00000940       0x20 lib_arm/libarm.a(armlinux.o)
 .debug_aranges
                0x00000960       0x20 lib_arm/libarm.a(cache.o)
 .debug_aranges
                0x00000980       0x20 fs/cramfs/libcramfs.a(cramfs.o)
 .debug_aranges
                0x000009a0       0x20 fs/cramfs/libcramfs.a(uncompress.o)
 .debug_aranges
                0x000009c0       0x20 fs/jffs2/libjffs2.a(jffs2_1pass.o)
 .debug_aranges
                0x000009e0       0x20 fs/jffs2/libjffs2.a(compr_rtime.o)
 .debug_aranges
                0x00000a00       0x20 fs/jffs2/libjffs2.a(compr_rubin.o)
 .debug_aranges
                0x00000a20       0x20 fs/jffs2/libjffs2.a(compr_zlib.o)
 .debug_aranges
                0x00000a40       0x20 fs/jffs2/libjffs2.a(mini_inflate.o)
 .debug_aranges
                0x00000a60       0x20 rtc/librtc.a(date.o)
 .debug_aranges
                0x00000a80       0x20 rtc/librtc.a(s3c24x0_rtc.o)
 .debug_aranges
                0x00000aa0       0x20 drivers/nand/libnand.a(nand_util.o)

.debug_frame    0x00000000     0x4154
 .debug_frame   0x00000000      0x18c board/100ask24x0/boot_init.o
 .debug_frame   0x0000018c      0x110 cpu/arm920t/libarm920t.a(interrupts.o)
 .debug_frame   0x0000029c      0x1cc cpu/arm920t/s3c24x0/libs3c24x0.a(interrupts.o)
 .debug_frame   0x00000468       0x7c cpu/arm920t/s3c24x0/libs3c24x0.a(speed.o)
 .debug_frame   0x000004e4       0x9c lib_arm/libarm.a(board.o)
 .debug_frame   0x00000580       0x20 lib_arm/libarm.a(div0.o)
 .debug_frame   0x000005a0      0x2c0 net/libnet.a(net.o)
 .debug_frame   0x00000860       0x8c net/libnet.a(tftp.o)
 .debug_frame   0x000008ec       0x8c net/libnet.a(bootp.o)
 .debug_frame   0x00000978       0x60 net/libnet.a(rarp.o)
 .debug_frame   0x000009d8       0x20 net/libnet.a(eth.o)
 .debug_frame   0x000009f8      0x14c net/libnet.a(nfs.o)
 .debug_frame   0x00000b44      0x2ec drivers/libdrivers.a(cfi_flash.o)
 .debug_frame   0x00000e30       0x54 drivers/libdrivers.a(jedec_flash.o)
 .debug_frame   0x00000e84      0x1b8 drivers/libdrivers.a(dm9000x.o)
 .debug_frame   0x0000103c       0x28 drivers/nand/libnand.a(nand.o)
 .debug_frame   0x00001064      0x460 drivers/nand/libnand.a(nand_base.o)
 .debug_frame   0x000014c4       0x54 drivers/nand/libnand.a(nand_ecc.o)
 .debug_frame   0x00001518      0x1a0 drivers/nand/libnand.a(nand_bbt.o)
 .debug_frame   0x000016b8       0x70 drivers/usb/libusb.a(usbmain.o)
 .debug_frame   0x00001728       0x80 drivers/usb/libusb.a(usbout.o)
 .debug_frame   0x000017a8       0x70 drivers/usb/libusb.a(usbsetup.o)
 .debug_frame   0x00001818      0x124 drivers/usb/libusb.a(usbinit.o)
 .debug_frame   0x0000193c       0x48 drivers/usb/libusb.a(usbin.o)
 .debug_frame   0x00001984       0xd0 drivers/usb/libusb.a(usblib.o)
 .debug_frame   0x00001a54       0xb8 common/libcommon.a(main.o)
 .debug_frame   0x00001b0c       0x4c common/libcommon.a(cmd_autoscript.o)
 .debug_frame   0x00001b58       0x3c common/libcommon.a(cmd_bdinfo.o)
 .debug_frame   0x00001b94       0x2c common/libcommon.a(cmd_boot.o)
 .debug_frame   0x00001bc0      0x120 common/libcommon.a(cmd_bootm.o)
 .debug_frame   0x00001ce0       0x58 common/libcommon.a(cmd_cache.o)
 .debug_frame   0x00001d38       0x30 common/libcommon.a(cmd_console.o)
 .debug_frame   0x00001d68       0x64 common/libcommon.a(cmd_date.o)
 .debug_frame   0x00001dcc       0x88 common/libcommon.a(cmd_elf.o)
 .debug_frame   0x00001e54      0x124 common/libcommon.a(cmd_flash.o)
 .debug_frame   0x00001f78       0x74 common/libcommon.a(cmd_itest.o)
 .debug_frame   0x00001fec      0x2ac common/libcommon.a(cmd_jffs2.o)
 .debug_frame   0x00002298      0x198 common/libcommon.a(cmd_load.o)
 .debug_frame   0x00002430      0x184 common/libcommon.a(cmd_mem.o)
 .debug_frame   0x000025b4       0x30 common/libcommon.a(cmd_misc.o)
 .debug_frame   0x000025e4       0xac common/libcommon.a(cmd_nand.o)
 .debug_frame   0x00002690       0x90 common/libcommon.a(cmd_net.o)
 .debug_frame   0x00002720      0x108 common/libcommon.a(cmd_nvedit.o)
 .debug_frame   0x00002828       0x2c common/libcommon.a(cmd_usbslave.o)
 .debug_frame   0x00002854       0x94 common/libcommon.a(cmd_menu.o)
 .debug_frame   0x000028e8       0x98 common/libcommon.a(command.o)
 .debug_frame   0x00002980      0x214 common/libcommon.a(console.o)
 .debug_frame   0x00002b94       0x5c common/libcommon.a(devices.o)
 .debug_frame   0x00002bf0      0x13c common/libcommon.a(dlmalloc.o)
 .debug_frame   0x00002d2c       0x7c common/libcommon.a(env_common.o)
 .debug_frame   0x00002da8       0x88 common/libcommon.a(env_nand.o)
 .debug_frame   0x00002e30       0x48 common/libcommon.a(exports.o)
 .debug_frame   0x00002e78       0x80 common/libcommon.a(flash.o)
 .debug_frame   0x00002ef8      0x134 common/libcommon.a(lists.o)
 .debug_frame   0x0000302c       0x64 common/libcommon.a(s_record.o)
 .debug_frame   0x00003090      0x128 common/libcommon.a(xyzModem.o)
 .debug_frame   0x000031b8       0x28 common/libcommon.a(crc16.o)
 .debug_frame   0x000031e0       0x40 lib_generic/libgeneric.a(crc32.o)
 .debug_frame   0x00003220       0x48 lib_generic/libgeneric.a(display_options.o)
 .debug_frame   0x00003268      0x1dc lib_generic/libgeneric.a(string.o)
 .debug_frame   0x00003444       0xe4 lib_generic/libgeneric.a(vsprintf.o)
 .debug_frame   0x00003528      0x1f4 lib_generic/libgeneric.a(zlib.o)
 .debug_frame   0x0000371c       0x40 board/100ask24x0/lib100ask24x0.a(100ask24x0.o)
 .debug_frame   0x0000375c      0x114 cpu/arm920t/libarm920t.a(cpu.o)
 .debug_frame   0x00003870       0x88 cpu/arm920t/s3c24x0/libs3c24x0.a(serial.o)
 .debug_frame   0x000038f8       0x80 cpu/arm920t/s3c24x0/libs3c24x0.a(nand_flash.o)
 .debug_frame   0x00003978       0xa0 lib_arm/libarm.a(armlinux.o)
 .debug_frame   0x00003a18       0x20 lib_arm/libarm.a(cache.o)
 .debug_frame   0x00003a38      0x118 fs/cramfs/libcramfs.a(cramfs.o)
 .debug_frame   0x00003b50       0x80 fs/cramfs/libcramfs.a(uncompress.o)
 .debug_frame   0x00003bd0      0x208 fs/jffs2/libjffs2.a(jffs2_1pass.o)
 .debug_frame   0x00003dd8       0x34 fs/jffs2/libjffs2.a(compr_rtime.o)
 .debug_frame   0x00003e0c       0x4c fs/jffs2/libjffs2.a(compr_rubin.o)
 .debug_frame   0x00003e58       0x20 fs/jffs2/libjffs2.a(compr_zlib.o)
 .debug_frame   0x00003e78       0xe8 fs/jffs2/libjffs2.a(mini_inflate.o)
 .debug_frame   0x00003f60       0x6c rtc/librtc.a(date.o)
 .debug_frame   0x00003fcc       0x94 rtc/librtc.a(s3c24x0_rtc.o)
 .debug_frame   0x00004060       0xf4 drivers/nand/libnand.a(nand_util.o)

.debug_pubnames
                0x00000000     0x2bde
 .debug_pubnames
                0x00000000       0x7d board/100ask24x0/boot_init.o
 .debug_pubnames
                0x0000007d       0xdf cpu/arm920t/libarm920t.a(interrupts.o)
 .debug_pubnames
                0x0000015c      0x19a cpu/arm920t/s3c24x0/libs3c24x0.a(interrupts.o)
 .debug_pubnames
                0x000002f6       0x46 cpu/arm920t/s3c24x0/libs3c24x0.a(speed.o)
 .debug_pubnames
                0x0000033c       0x71 lib_arm/libarm.a(board.o)
 .debug_pubnames
                0x000003ad       0x1d lib_arm/libarm.a(div0.o)
 .debug_pubnames
                0x000003ca      0x3f2 net/libnet.a(net.o)
 .debug_pubnames
                0x000007bc       0x20 net/libnet.a(tftp.o)
 .debug_pubnames
                0x000007dc       0x3c net/libnet.a(bootp.o)
 .debug_pubnames
                0x00000818       0x2e net/libnet.a(rarp.o)
 .debug_pubnames
                0x00000846       0x25 net/libnet.a(eth.o)
 .debug_pubnames
                0x0000086b       0x1f net/libnet.a(nfs.o)
 .debug_pubnames
                0x0000088a       0xa6 drivers/libdrivers.a(cfi_flash.o)
 .debug_pubnames
                0x00000930       0x3e drivers/libdrivers.a(jedec_flash.o)
 .debug_pubnames
                0x0000096e       0x6b drivers/libdrivers.a(dm9000x.o)
 .debug_pubnames
                0x000009d9       0x43 drivers/nand/libnand.a(nand.o)
 .debug_pubnames
                0x00000a1c       0x6e drivers/nand/libnand.a(nand_base.o)
 .debug_pubnames
                0x00000a8a       0x38 drivers/nand/libnand.a(nand_ids.o)
 .debug_pubnames
                0x00000ac2       0x3f drivers/nand/libnand.a(nand_ecc.o)
 .debug_pubnames
                0x00000b01       0x60 drivers/nand/libnand.a(nand_bbt.o)
 .debug_pubnames
                0x00000b61       0x78 drivers/usb/libusb.a(usbmain.o)
 .debug_pubnames
                0x00000bd9       0x50 drivers/usb/libusb.a(usbout.o)
 .debug_pubnames
                0x00000c29      0x182 drivers/usb/libusb.a(usbsetup.o)
 .debug_pubnames
                0x00000dab      0x239 drivers/usb/libusb.a(usbinit.o)
 .debug_pubnames
                0x00000fe4       0x51 drivers/usb/libusb.a(usbin.o)
 .debug_pubnames
                0x00001035       0xaa drivers/usb/libusb.a(usblib.o)
 .debug_pubnames
                0x000010df       0x5b common/libcommon.a(main.o)
 .debug_pubnames
                0x0000113a       0x4c common/libcommon.a(cmd_autoscript.o)
 .debug_pubnames
                0x00001186       0x38 common/libcommon.a(cmd_bdinfo.o)
 .debug_pubnames
                0x000011be       0x47 common/libcommon.a(cmd_boot.o)
 .debug_pubnames
                0x00001205       0xe4 common/libcommon.a(cmd_bootm.o)
 .debug_pubnames
                0x000012e9       0x5e common/libcommon.a(cmd_cache.o)
 .debug_pubnames
                0x00001347       0x3a common/libcommon.a(cmd_console.o)
 .debug_pubnames
                0x00001381       0x4d common/libcommon.a(cmd_date.o)
 .debug_pubnames
                0x000013ce       0x87 common/libcommon.a(cmd_elf.o)
 .debug_pubnames
                0x00001455       0xb2 common/libcommon.a(cmd_flash.o)
 .debug_pubnames
                0x00001507       0x53 common/libcommon.a(cmd_itest.o)
 .debug_pubnames
                0x0000155a      0x136 common/libcommon.a(cmd_jffs2.o)
 .debug_pubnames
                0x00001690      0x1e0 common/libcommon.a(cmd_load.o)
 .debug_pubnames
                0x00001870      0x1e7 common/libcommon.a(cmd_mem.o)
 .debug_pubnames
                0x00001a57       0x36 common/libcommon.a(cmd_misc.o)
 .debug_pubnames
                0x00001a8d       0x5b common/libcommon.a(cmd_nand.o)
 .debug_pubnames
                0x00001ae8       0xc6 common/libcommon.a(cmd_net.o)
 .debug_pubnames
                0x00001bae       0xd1 common/libcommon.a(cmd_nvedit.o)
 .debug_pubnames
                0x00001c7f       0x5f common/libcommon.a(cmd_usbslave.o)
 .debug_pubnames
                0x00001cde       0x81 common/libcommon.a(cmd_menu.o)
 .debug_pubnames
                0x00001d5f       0xaa common/libcommon.a(command.o)
 .debug_pubnames
                0x00001e09      0x10e common/libcommon.a(console.o)
 .debug_pubnames
                0x00001f17       0x76 common/libcommon.a(devices.o)
 .debug_pubnames
                0x00001f8d       0xb3 common/libcommon.a(dlmalloc.o)
 .debug_pubnames
                0x00002040       0xa5 common/libcommon.a(env_common.o)
 .debug_pubnames
                0x000020e5       0x75 common/libcommon.a(env_nand.o)
 .debug_pubnames
                0x0000215a       0x35 common/libcommon.a(exports.o)
 .debug_pubnames
                0x0000218f       0x53 common/libcommon.a(flash.o)
 .debug_pubnames
                0x000021e2      0x116 common/libcommon.a(lists.o)
 .debug_pubnames
                0x000022f8       0x22 common/libcommon.a(s_record.o)
 .debug_pubnames
                0x0000231a       0xd5 common/libcommon.a(xyzModem.o)
 .debug_pubnames
                0x000023ef       0x20 common/libcommon.a(crc16.o)
 .debug_pubnames
                0x0000240f       0x2e lib_generic/libgeneric.a(crc32.o)
 .debug_pubnames
                0x0000243d       0x1d lib_generic/libgeneric.a(ctype.o)
 .debug_pubnames
                0x0000245a       0x35 lib_generic/libgeneric.a(display_options.o)
 .debug_pubnames
                0x0000248f      0x130 lib_generic/libgeneric.a(string.o)
 .debug_pubnames
                0x000025bf       0x5a lib_generic/libgeneric.a(vsprintf.o)
 .debug_pubnames
                0x00002619       0xab lib_generic/libgeneric.a(zlib.o)
 .debug_pubnames